Microchip MPLAB XC8 Compiler V2.46

Linker command line:

-W-3 \
  --edf=C:/Program Files/Microchip/MPLABX/v6.20/packs/Microchip/PIC16F1xxxx_DFP/1.24.387/xc8\pic\dat\20240111205957_en.msgs \
  -cn -h+dist/default/debug\DMClock.X.debug.sym \
  --cmf=dist/default/debug\DMClock.X.debug.cmf -z -Q16F18346 \
  -oC:\Users\12243\AppData\Local\Temp\xcAs9uk.\driver_tmp_3.o \
  --defsym=__MPLAB_BUILD=1 --fixupoverflow=error \
  -Mdist/default/debug/DMClock.X.debug.map \
  --md=C:\Users\12243\AppData\Local\Temp\xcAs9uk.\driver_tmp_0.dat -E1 \
  -ver=XC8 Compiler --acfsm=1493 -ACODE=00h-07FFhx8 -ASTRCODE=00h-03FFFh \
  -ASTRING=00h-0FFhx64 -ACONST=00h-0FFhx64 -AENTRY=00h-0FFhx64 \
  -ACOMMON=070h-07Fh -ABANK0=020h-06Fh -ABANK1=0A0h-0EFh \
  -ABANK2=0120h-016Fh -ABANK3=01A0h-01EFh -ABANK4=0220h-026Fh \
  -ABANK5=02A0h-02EFh -ABANK6=0320h-036Fh -ABANK7=03A0h-03EFh \
  -ABANK8=0420h-046Fh -ABANK9=04A0h-04EFh -ABANK10=0520h-056Fh \
  -ABANK11=05A0h-05EFh -ABANK12=0620h-066Fh -ABANK13=06A0h-06EFh \
  -ABANK14=0720h-076Fh -ABANK15=07A0h-07EFh -ABANK16=0820h-086Fh \
  -ABANK17=08A0h-08EFh -ABANK18=0920h-096Fh -ABANK19=09A0h-09EFh \
  -ABANK20=0A20h-0A6Fh -ABANK21=0AA0h-0AEFh -ABANK22=0B20h-0B6Fh \
  -ABANK23=0BA0h-0BEFh -ABANK24=0C20h-0C6Fh -ABANK25=0CA0h-0CBFh \
  -ABIGRAM=02000h-027EFh \
  -ARAM=020h-06Fh,0A0h-0EFh,0120h-016Fh,01A0h-01EFh,0220h-026Fh,02A0h-02EFh,0320h-036Fh,03A0h-03EFh,0420h-046Fh,04A0h-04EFh,0520h-056Fh,05A0h-05EFh,0620h-066Fh,06A0h-06EFh,0720h-076Fh,07A0h-07EFh,0820h-086Fh,08A0h-08EFh,0920h-096Fh,09A0h-09EFh,0A20h-0A6Fh,0AA0h-0AEFh,0B20h-0B6Fh,0BA0h-0BEFh,0C20h-0C6Fh,0CA0h-0CBFh \
  -AABS1=020h-07Fh,0A0h-0EFh,0120h-016Fh,01A0h-01EFh,0220h-026Fh,02A0h-02EFh,0320h-036Fh,03A0h-03EFh,0420h-046Fh,04A0h-04EFh,0520h-056Fh,05A0h-05EFh,0620h-066Fh,06A0h-06EFh,0720h-076Fh,07A0h-07EFh,0820h-086Fh,08A0h-08EFh,0920h-096Fh,09A0h-09EFh,0A20h-0A6Fh,0AA0h-0AEFh,0B20h-0B6Fh,0BA0h-0BEFh,0C20h-0C6Fh,0CA0h-0CBFh \
  -ASFR0=00h-01Fh -ASFR1=080h-09Fh -ASFR2=0100h-011Fh -ASFR3=0180h-019Fh \
  -ASFR4=0200h-021Fh -ASFR5=0280h-029Fh -ASFR6=0300h-031Fh \
  -ASFR7=0380h-039Fh -ASFR8=0400h-041Fh -ASFR9=0480h-049Fh \
  -ASFR10=0500h-051Fh -ASFR11=0580h-059Fh -ASFR12=0600h-061Fh \
  -ASFR13=0680h-069Fh -ASFR14=0700h-071Fh -ASFR15=0780h-079Fh \
  -ASFR16=0800h-081Fh -ASFR17=0880h-089Fh -ASFR18=0900h-091Fh \
  -ASFR19=0980h-099Fh -ASFR20=0A00h-0A1Fh -ASFR21=0A80h-0A9Fh \
  -ASFR22=0B00h-0B1Fh -ASFR23=0B80h-0B9Fh -ASFR24=0C00h-0C1Fh \
  -ASFR25=0C80h-0C9Fh -ASFR26=0D00h-0D6Fh -ASFR27=0D80h-0DEFh \
  -ASFR28=0E00h-0E6Fh -ASFR29=0E80h-0EEFh -ASFR30=0F00h-0F6Fh \
  -ASFR31=0F80h-0FEFh -ACONFIG=08007h-0800Ah -DCONFIG=2 \
  -AIDLOC=08000h-08003h -DIDLOC=2 -AEEDATA=00h-0FFh/0F000h \
  -peeprom_data=EEDATA -DEEDATA=2 -DCODE=2 -DSTRCODE=2 -DSTRING=2 -DCONST=2 \
  -DENTRY=2 -preset_vec=00h,intentry=04h,sivt,init,end_init -ppowerup=CODE \
  -pcinit=CODE -pfunctab=ENTRY -k \
  C:\Users\12243\AppData\Local\Temp\xcAs9uk.\driver_tmp_15.o \
  dist/default/debug\DMClock.X.debug.o 

Object code version is 3.11

Machine type is 16F18346



                Name                               Link     Load   Length Selector   Space Scale
C:\Users\12243\AppData\Local\Temp\xcAs9uk.\driver_tmp_15.o
                end_init                             36       36        2        8       0
                reset_vec                             0        0        2        0       0
                config                             8007     8007        4        0       4
dist/default/debug\DMClock.X.debug.o
                cinit                                38       38       10        8       0
                intentry                              4        4       32        8       0
                config                             8007     8007        4        0       4
                text52                              345      345        1      476       0
                text51                              328      328        4      476       0
                text50                              341      341        3      476       0
                text49                              33E      33E        3      476       0
                text48                              324      324        4      476       0
                text47                              215      215       14      42A       0
                text46                              33B      33B        3      476       0
                text45                              320      320        4      476       0
                text44                              338      338        3      476       0
                text43                              31C      31C        4      476       0
                text42                              318      318        4      476       0
                text41                              335      335        3      476       0
                text40                              332      332        3      476       0
                text39                              303      303        5      476       0
                text38                              32F      32F        3      476       0
                text37                              15E      15E       2C        8       0
                text36                              314      314        4      476       0
                text35                              2AB      2AB        8      476       0
                text34                              2C8      2C8        7      476       0
                text33                              11E      11E       40        8       0
                text32                              2F3      2F3        6      476       0
                text31                              2ED      2ED        6      476       0
                text30                              2A3      2A3        8      476       0
                text29                              2C1      2C1        7      476       0
                text28                              1B0      1B0       22        8       0
                text27                              310      310        4      476       0
                text26                              2BA      2BA        7      476       0
                text25                              2FE      2FE        5      476       0
                text24                              2E7      2E7        6      476       0
                text23                               DB       DB       43        8       0
                text22                              30C      30C        4      476       0
                text21                              344      344        1      476       0
                text19                              2E1      2E1        6      476       0
                text18                              24C      24C       10      476       0
                text17                              32C      32C        3      476       0
                text16                              2B3      2B3        7      476       0
                text15                              18A      18A       26        8       0
                text14                              299      299        A      476       0
                text13                              28E      28E        B      476       0
                text12                              308      308        4      476       0
                text11                              1EB      1EB       16        8       0
                text10                              2F9      2F9        5      476       0
                text9                               283      283        B      476       0
                text8                                97       97       44        8       0
                text7                               277      277        C      476       0
                text6                               26B      26B        C      476       0
                text5                               2DB      2DB        6      476       0
                text4                               25C      25C        F      476       0
                text3                               2D5      2D5        6      476       0
                text2                               23B      23B       11      476       0
                text1                               1D2      1D2       19        8       0
                maintext                             48       48       4F        8       0
                cstackBANK0                          31       31        7       20       1
                cstackCOMMON                         70       70        A       70       1
                clrtext                             2CF      2CF        6      476       0
                bssBANK0                             20       20       11       20       1
                bssCOMMON                            7A       7A        4       70       1
                stringtext2                         201      201       14      402       0
                stringtext1                         229      229       12      452       0
                idataEEDATA                           0     F000        3    1E000       3

TOTAL           Name                               Link     Load   Length     Space
        CLASS   CODE           
                end_init                             36       36        2         0
                cinit                                38       38       10         0
                intentry                              4        4       32         0
                reset_vec                             0        0        2         0
                text52                              345      345        1         0
                text51                              328      328        4         0
                text50                              341      341        3         0
                text49                              33E      33E        3         0
                text48                              324      324        4         0
                text47                              215      215       14         0
                text46                              33B      33B        3         0
                text45                              320      320        4         0
                text44                              338      338        3         0
                text43                              31C      31C        4         0
                text42                              318      318        4         0
                text41                              335      335        3         0
                text40                              332      332        3         0
                text39                              303      303        5         0
                text38                              32F      32F        3         0
                text37                              15E      15E       2C         0
                text36                              314      314        4         0
                text35                              2AB      2AB        8         0
                text34                              2C8      2C8        7         0
                text33                              11E      11E       40         0
                text32                              2F3      2F3        6         0
                text31                              2ED      2ED        6         0
                text30                              2A3      2A3        8         0
                text29                              2C1      2C1        7         0
                text28                              1B0      1B0       22         0
                text27                              310      310        4         0
                text26                              2BA      2BA        7         0
                text25                              2FE      2FE        5         0
                text24                              2E7      2E7        6         0
                text23                               DB       DB       43         0
                text22                              30C      30C        4         0
                text21                              344      344        1         0
                text19                              2E1      2E1        6         0
                text18                              24C      24C       10         0
                text17                              32C      32C        3         0
                text16                              2B3      2B3        7         0
                text15                              18A      18A       26         0
                text14                              299      299        A         0
                text13                              28E      28E        B         0
                text12                              308      308        4         0
                text11                              1EB      1EB       16         0
                text10                              2F9      2F9        5         0
                text9                               283      283        B         0
                text8                                97       97       44         0
                text7                               277      277        C         0
                text6                               26B      26B        C         0
                text5                               2DB      2DB        6         0
                text4                               25C      25C        F         0
                text3                               2D5      2D5        6         0
                text2                               23B      23B       11         0
                text1                               1D2      1D2       19         0
                maintext                             48       48       4F         0
                clrtext                             2CF      2CF        6         0

        CLASS   STRCODE        
                stringtext2                         201      201       14         0
                stringtext1                         229      229       12         0

        CLASS   STRING         

        CLASS   CONST          

        CLASS   ENTRY          

        CLASS   COMMON         
                cstackCOMMON                         70       70        A         1
                bssCOMMON                            7A       7A        4         1

        CLASS   BANK0          
                cstackBANK0                          31       31        7         1
                bssBANK0                             20       20       11         1

        CLASS   BANK1          

        CLASS   BANK2          

        CLASS   BANK3          

        CLASS   BANK4          

        CLASS   BANK5          

        CLASS   BANK6          

        CLASS   BANK7          

        CLASS   BANK8          

        CLASS   BANK9          

        CLASS   BANK10         

        CLASS   BANK11         

        CLASS   BANK12         

        CLASS   BANK13         

        CLASS   BANK14         

        CLASS   BANK15         

        CLASS   BANK16         

        CLASS   BANK17         

        CLASS   BANK18         

        CLASS   BANK19         

        CLASS   BANK20         

        CLASS   BANK21         

        CLASS   BANK22         

        CLASS   BANK23         

        CLASS   BANK24         

        CLASS   BANK25         

        CLASS   BIGRAM         

        CLASS   RAM            

        CLASS   ABS1           
                abs_s1                               7E       7E        2         1

        CLASS   SFR0           

        CLASS   SFR1           

        CLASS   SFR2           

        CLASS   SFR3           

        CLASS   SFR4           

        CLASS   SFR5           

        CLASS   SFR6           

        CLASS   SFR7           

        CLASS   SFR8           

        CLASS   SFR9           

        CLASS   SFR10          

        CLASS   SFR11          

        CLASS   SFR12          

        CLASS   SFR13          

        CLASS   SFR14          

        CLASS   SFR15          

        CLASS   SFR16          

        CLASS   SFR17          

        CLASS   SFR18          

        CLASS   SFR19          

        CLASS   SFR20          

        CLASS   SFR21          

        CLASS   SFR22          

        CLASS   SFR23          

        CLASS   SFR24          

        CLASS   SFR25          

        CLASS   SFR26          

        CLASS   SFR27          

        CLASS   SFR28          

        CLASS   SFR29          

        CLASS   SFR30          

        CLASS   SFR31          

        CLASS   CONFIG         
                config                             8007     8007        4         4

        CLASS   IDLOC          

        CLASS   EEDATA         
                idataEEDATA                           0     F000        3         3

        CLASS   BANK31         

        CLASS   BANK30         

        CLASS   BANK29         

        CLASS   BANK28         

        CLASS   BANK27         

        CLASS   BANK26         

        CLASS   HEAP           

        CLASS   STACK          



SEGMENTS        Name                           Load    Length   Top    Selector   Space  Class     Delta

                reset_vec                      000000  000002  000002         0       0  CODE        2
                intentry                       000004  0001FD  000201         8       0  CODE        2
                bssBANK0                       000020  000018  000038        20       1  BANK0       1
                cstackCOMMON                   000070  00000E  00007E        70       1  COMMON      1
                stringtext2                    000201  000014  000215       402       0  STRCODE     2
                text47                         000215  000014  000229       42A       0  CODE        2
                stringtext1                    000229  000012  00023B       452       0  STRCODE     2
                text2                          00023B  00010B  000346       476       0  CODE        2
                idataEEDATA                    00F000  000003  00F003     1E000       3  EEDATA      2


UNUSED ADDRESS RANGES

        Name                Unused          Largest block    Delta
        BANK0            00038-0006F              38           1
        BANK1            000A0-000EF              50           1
        BANK10           00520-0056F              50           1
        BANK11           005A0-005EF              50           1
        BANK12           00620-0066F              50           1
        BANK13           006A0-006EF              50           1
        BANK14           00720-0076F              50           1
        BANK15           007A0-007EF              50           1
        BANK16           00820-0086F              50           1
        BANK17           008A0-008EF              50           1
        BANK18           00920-0096F              50           1
        BANK19           009A0-009EF              50           1
        BANK2            00120-0016F              50           1
        BANK20           00A20-00A6F              50           1
        BANK21           00AA0-00AEF              50           1
        BANK22           00B20-00B6F              50           1
        BANK23           00BA0-00BEF              50           1
        BANK24           00C20-00C6F              50           1
        BANK25           00CA0-00CBF              20           1
        BANK3            001A0-001EF              50           1
        BANK4            00220-0026F              50           1
        BANK5            002A0-002EF              50           1
        BANK6            00320-0036F              50           1
        BANK7            003A0-003EF              50           1
        BANK8            00420-0046F              50           1
        BANK9            004A0-004EF              50           1
        BIGRAM           02000-027EF             7F0           1
        CODE             00002-00003               2           2
                         00346-03FFF             800
        CONST            00002-00003               2           2
                         00346-03FFF             100
        EEDATA           0F003-0F0FF              FD           2
        ENTRY            00002-00003               2           2
                         00346-03FFF             100
        IDLOC            08000-08003               4           2
        RAM              00038-0006F              38           1
                         000A0-000EF              50
                         00120-0016F              50
                         001A0-001EF              50
                         00220-0026F              50
                         002A0-002EF              50
                         00320-0036F              50
                         003A0-003EF              50
                         00420-0046F              50
                         004A0-004EF              50
                         00520-0056F              50
                         005A0-005EF              50
                         00620-0066F              50
                         006A0-006EF              50
                         00720-0076F              50
                         007A0-007EF              50
                         00820-0086F              50
                         008A0-008EF              50
                         00920-0096F              50
                         009A0-009EF              50
                         00A20-00A6F              50
                         00AA0-00AEF              50
                         00B20-00B6F              50
                         00BA0-00BEF              50
                         00C20-00C6F              50
                         00CA0-00CBF              20
        SFR0             00000-0001F              20           1
        SFR1             00080-0009F              20           1
        SFR10            00500-0051F              20           1
        SFR11            00580-0059F              20           1
        SFR12            00600-0061F              20           1
        SFR13            00680-0069F              20           1
        SFR14            00700-0071F              20           1
        SFR15            00780-0079F              20           1
        SFR16            00800-0081F              20           1
        SFR17            00880-0089F              20           1
        SFR18            00900-0091F              20           1
        SFR19            00980-0099F              20           1
        SFR2             00100-0011F              20           1
        SFR20            00A00-00A1F              20           1
        SFR21            00A80-00A9F              20           1
        SFR22            00B00-00B1F              20           1
        SFR23            00B80-00B9F              20           1
        SFR24            00C00-00C1F              20           1
        SFR25            00C80-00C9F              20           1
        SFR26            00D00-00D6F              70           1
        SFR27            00D80-00DEF              70           1
        SFR28            00E00-00E6F              70           1
        SFR29            00E80-00EEF              70           1
        SFR3             00180-0019F              20           1
        SFR30            00F00-00F6F              70           1
        SFR31            00F80-00FEF              70           1
        SFR4             00200-0021F              20           1
        SFR5             00280-0029F              20           1
        SFR6             00300-0031F              20           1
        SFR7             00380-0039F              20           1
        SFR8             00400-0041F              20           1
        SFR9             00480-0049F              20           1
        STRCODE          00002-00003               2           2
                         00346-03FFF            3CBA
        STRING           00002-00003               2           2
                         00346-03FFF             100

                                  Symbol Table

I2C1_CallbackRegister@callbackHandler          cstackCOMMON 00074
I2C1_DataTransmit@data                         cstackCOMMON 00070
I2C1_EVENT_ERROR@retEventState                 cstackCOMMON 00070
I2C1_EVENT_NACK@retEventState                  cstackCOMMON 00070
I2C1_EVENT_RX@retEventState                    cstackCOMMON 00071
I2C1_EVENT_TX@retEventState                    cstackCOMMON 00071
I2C1_ErrorGet@retErrorState                    cstackCOMMON 00074
I2C1_Write@address                             cstackCOMMON 00075
I2C1_Write@data                                cstackCOMMON 00077
I2C1_Write@dataLength                          cstackCOMMON 00078
I2C1_Write@retStatus                           cstackBANK0  00031
INT_SetInterruptHandler@InterruptHandler       cstackCOMMON 00074
TMR2_OverflowCallbackRegister@InterruptHandler cstackCOMMON 00074
TMR4_OverflowCallbackRegister@InterruptHandler cstackCOMMON 00074
_ANSELA                                        (abs)        0018C
_ANSELB                                        (abs)        0018D
_ANSELC                                        (abs)        0018E
_CLOCK_Initialize                              text14       00299
_I2C1_AckSend                                  text45       00320
_I2C1_BusReset                                 text51       00328
_I2C1_Callback                                 bssCOMMON    0007C
_I2C1_CallbackRegister                         text13       0028E
_I2C1_Close                                    text47       00215
_I2C1_DataReceive                              text44       00338
_I2C1_DataTransmit                             text39       00303
_I2C1_DefaultCallback                          text52       00345
_I2C1_Deinitialize                             (abs)        00000
_I2C1_ERROR_ISR                                text27       00310
_I2C1_EVENT_ERROR                              text31       002ED
_I2C1_EVENT_IDLE                               text36       00314
_I2C1_EVENT_NACK                               text32       002F3
_I2C1_EVENT_RESET                              text29       002C1
_I2C1_EVENT_RX                                 text33       0011E
_I2C1_EVENT_SEND_RD_ADDR                       text35       002AB
_I2C1_EVENT_SEND_WR_ADDR                       text34       002C8
_I2C1_EVENT_STOP                               text30       002A3
_I2C1_EVENT_TX                                 text37       0015E
_I2C1_ErrorEventHandler                        text28       001B0
_I2C1_ErrorGet                                 text19       002E1
_I2C1_ErrorInterruptClear                      text50       00341
_I2C1_EventHandler                             text23       000DB
_I2C1_Host                                     stringtext2  00201
_I2C1_ISR                                      text22       0030C
_I2C1_Initialize                               text11       001EB
_I2C1_InterruptClear                           text49       0033E
_I2C1_InterruptsEnable                         text12       00308
_I2C1_IsAddr                                   text26       002BA
_I2C1_IsBusy                                   text18       0024C
_I2C1_IsBusy$483                               cstackCOMMON 00074
_I2C1_IsData                                   text25       002FE
_I2C1_IsNack                                   text24       002E7
_I2C1_IsRxBufFull                              text43       0031C
_I2C1_NackSend                                 text42       00318
_I2C1_Read                                     (abs)        00000
_I2C1_ReceiveEnable                            text41       00335
_I2C1_RestartDisable                           text40       00332
_I2C1_RestartEnable                            text38       0032F
_I2C1_StartSend                                text17       0032C
_I2C1_StatusFlagsClear                         text48       00324
_I2C1_StopSend                                 text46       0033B
_I2C1_Write                                    text15       0018A
_I2C1_WriteRead                                (abs)        00000
_I2C1_WriteStart                               text16       002B3
_INLVLA                                        (abs)        0038C
_INLVLB                                        (abs)        0038D
_INLVLC                                        (abs)        0038E
_INTCONbits                                    (abs)        0000B
_INTERRUPT_Initialize                          text9        00283
_INTERRUPT_InterruptManager                    intentry     00004
_INT_DefaultInterruptHandler                   (abs)        00000
_INT_InterruptHandler                          bssCOMMON    0007A
_INT_SetInterruptHandler                       text10       002F9
_IOCAF                                         (abs)        00393
_IOCAN                                         (abs)        00392
_IOCAP                                         (abs)        00391
_IOCBF                                         (abs)        00396
_IOCBN                                         (abs)        00395
_IOCBP                                         (abs)        00394
_IOCCF                                         (abs)        00399
_IOCCN                                         (abs)        00398
_IOCCP                                         (abs)        00397
_LATA                                          (abs)        0010C
_LATB                                          (abs)        0010D
_LATC                                          (abs)        0010E
_ODCONA                                        (abs)        0028C
_ODCONB                                        (abs)        0028D
_ODCONC                                        (abs)        0028E
_OSCCON1                                       (abs)        00919
_OSCCON3                                       (abs)        0091B
_OSCEN                                         (abs)        0091D
_OSCFRQ                                        (abs)        0091F
_OSCSTAT1                                      (abs)        0091C
_OSCTUNE                                       (abs)        0091E
_PIE0bits                                      (abs)        00090
_PIE1bits                                      (abs)        00091
_PIN_MANAGER_IOC                               text21       00344
_PIN_MANAGER_Initialize                        text8        00097
_PIR0bits                                      (abs)        00010
_PIR1bits                                      (abs)        00011
_PIR2bits                                      (abs)        00012
_PR2                                           (abs)        0001E
_PR4                                           (abs)        00416
_PWM5CON                                       (abs)        00619
_PWM5DCH                                       (abs)        00618
_PWM5DCL                                       (abs)        00617
_PWM5_Initialize                               text7        00277
_PWM6CON                                       (abs)        0061C
_PWM6DCH                                       (abs)        0061B
_PWM6DCL                                       (abs)        0061A
_PWM6_Initialize                               text6        0026B
_PWMTMRSbits                                   (abs)        0061F
_RB4PPS                                        (abs)        00E9C
_RB6PPS                                        (abs)        00E9E
_RC3PPS                                        (abs)        00EA3
_RC5PPS                                        (abs)        00EA5
_SLRCONA                                       (abs)        0030C
_SLRCONB                                       (abs)        0030D
_SLRCONC                                       (abs)        0030E
_SSP1ADD                                       (abs)        00212
_SSP1BUF                                       (abs)        00211
_SSP1CLKPPS                                    (abs)        00E20
_SSP1CON1                                      (abs)        00215
_SSP1CON1bits                                  (abs)        00215
_SSP1CON2                                      (abs)        00216
_SSP1CON2bits                                  (abs)        00216
_SSP1CON3                                      (abs)        00217
_SSP1DATPPS                                    (abs)        00E21
_SSP1STAT                                      (abs)        00214
_SSP1STATbits                                  (abs)        00214
_SYSTEM_Initialize                             text1        001D2
_T2CON                                         (abs)        0001F
_T2CONbits                                     (abs)        0001F
_T4CON                                         (abs)        00417
_T4CONbits                                     (abs)        00417
_TMR2                                          (abs)        0001D
_TMR2_DefaultOverflowCallback                  (abs)        00000
_TMR2_Initialize                               text4        0025C
_TMR2_OverflowCallback                         bssBANK0     0002F
_TMR2_OverflowCallbackRegister                 text5        002DB
_TMR4                                          (abs)        00415
_TMR4_DefaultOverflowCallback                  (abs)        00000
_TMR4_Initialize                               text2        0023B
_TMR4_OverflowCallback                         bssBANK0     0002D
_TMR4_OverflowCallbackRegister                 text3        002D5
_TRISA                                         (abs)        0008C
_TRISB                                         (abs)        0008D
_TRISC                                         (abs)        0008E
_WPUA                                          (abs)        0020C
_WPUB                                          (abs)        0020D
_WPUC                                          (abs)        0020E
__H__absolute__                                __absolute__ 00000
__Habs1                                        abs1         00000
__Hbank0                                       bank0        00000
__Hbank1                                       bank1        00000
__Hbank10                                      bank10       00000
__Hbank11                                      bank11       00000
__Hbank12                                      bank12       00000
__Hbank13                                      bank13       00000
__Hbank14                                      bank14       00000
__Hbank15                                      bank15       00000
__Hbank16                                      bank16       00000
__Hbank17                                      bank17       00000
__Hbank18                                      bank18       00000
__Hbank19                                      bank19       00000
__Hbank2                                       bank2        00000
__Hbank20                                      bank20       00000
__Hbank21                                      bank21       00000
__Hbank22                                      bank22       00000
__Hbank23                                      bank23       00000
__Hbank24                                      bank24       00000
__Hbank25                                      bank25       00000
__Hbank26                                      bank26       00000
__Hbank27                                      bank27       00000
__Hbank28                                      bank28       00000
__Hbank29                                      bank29       00000
__Hbank3                                       bank3        00000
__Hbank30                                      bank30       00000
__Hbank31                                      bank31       00000
__Hbank4                                       bank4        00000
__Hbank5                                       bank5        00000
__Hbank6                                       bank6        00000
__Hbank7                                       bank7        00000
__Hbank8                                       bank8        00000
__Hbank9                                       bank9        00000
__Hbigram                                      bigram       00000
__HbssBANK0                                    bssBANK0     00000
__HbssCOMMON                                   bssCOMMON    00000
__Hcinit                                       cinit        00048
__Hclrtext                                     clrtext      00000
__Hcode                                        code         00000
__Hcommon                                      common       00000
__Hconfig                                      config       0800B
__HcstackBANK0                                 cstackBANK0  00000
__HcstackCOMMON                                cstackCOMMON 00000
__HdataEEDATA                                  dataEEDATA   00000
__Heeprom_data                                 eeprom_data  00000
__Hend_init                                    end_init     00038
__Hfunctab                                     functab      00000
__Hheap                                        heap         00000
__HidataEEDATA                                 idataEEDATA  00000
__Hinit                                        init         00036
__Hintentry                                    intentry     00036
__Hmaintext                                    maintext     00000
__Hpowerup                                     powerup      00000
__Hram                                         ram          00000
__Hreset_vec                                   reset_vec    00002
__Hsfr0                                        sfr0         00000
__Hsfr1                                        sfr1         00000
__Hsfr10                                       sfr10        00000
__Hsfr11                                       sfr11        00000
__Hsfr12                                       sfr12        00000
__Hsfr13                                       sfr13        00000
__Hsfr14                                       sfr14        00000
__Hsfr15                                       sfr15        00000
__Hsfr16                                       sfr16        00000
__Hsfr17                                       sfr17        00000
__Hsfr18                                       sfr18        00000
__Hsfr19                                       sfr19        00000
__Hsfr2                                        sfr2         00000
__Hsfr20                                       sfr20        00000
__Hsfr21                                       sfr21        00000
__Hsfr22                                       sfr22        00000
__Hsfr23                                       sfr23        00000
__Hsfr24                                       sfr24        00000
__Hsfr25                                       sfr25        00000
__Hsfr26                                       sfr26        00000
__Hsfr27                                       sfr27        00000
__Hsfr28                                       sfr28        00000
__Hsfr29                                       sfr29        00000
__Hsfr3                                        sfr3         00000
__Hsfr30                                       sfr30        00000
__Hsfr31                                       sfr31        00000
__Hsfr4                                        sfr4         00000
__Hsfr5                                        sfr5         00000
__Hsfr6                                        sfr6         00000
__Hsfr7                                        sfr7         00000
__Hsfr8                                        sfr8         00000
__Hsfr9                                        sfr9         00000
__Hsivt                                        sivt         00036
__Hspace_0                                     (abs)        00346
__Hspace_1                                     (abs)        0007E
__Hspace_2                                     (abs)        00000
__Hspace_3                                     (abs)        00003
__Hspace_4                                     (abs)        10012
__Hstack                                       stack        00000
__Hstrings                                     strings      00000
__Hstringtext1                                 stringtext1  00000
__Hstringtext2                                 stringtext2  00000
__Htext                                        text         00000
__L__absolute__                                __absolute__ 00000
__Labs1                                        abs1         00000
__Lbank0                                       bank0        00000
__Lbank1                                       bank1        00000
__Lbank10                                      bank10       00000
__Lbank11                                      bank11       00000
__Lbank12                                      bank12       00000
__Lbank13                                      bank13       00000
__Lbank14                                      bank14       00000
__Lbank15                                      bank15       00000
__Lbank16                                      bank16       00000
__Lbank17                                      bank17       00000
__Lbank18                                      bank18       00000
__Lbank19                                      bank19       00000
__Lbank2                                       bank2        00000
__Lbank20                                      bank20       00000
__Lbank21                                      bank21       00000
__Lbank22                                      bank22       00000
__Lbank23                                      bank23       00000
__Lbank24                                      bank24       00000
__Lbank25                                      bank25       00000
__Lbank26                                      bank26       00000
__Lbank27                                      bank27       00000
__Lbank28                                      bank28       00000
__Lbank29                                      bank29       00000
__Lbank3                                       bank3        00000
__Lbank30                                      bank30       00000
__Lbank31                                      bank31       00000
__Lbank4                                       bank4        00000
__Lbank5                                       bank5        00000
__Lbank6                                       bank6        00000
__Lbank7                                       bank7        00000
__Lbank8                                       bank8        00000
__Lbank9                                       bank9        00000
__Lbigram                                      bigram       00000
__LbssBANK0                                    bssBANK0     00000
__LbssCOMMON                                   bssCOMMON    00000
__Lcinit                                       cinit        00038
__Lclrtext                                     clrtext      00000
__Lcode                                        code         00000
__Lcommon                                      common       00000
__Lconfig                                      config       00000
__LcstackBANK0                                 cstackBANK0  00000
__LcstackCOMMON                                cstackCOMMON 00000
__LdataEEDATA                                  dataEEDATA   00000
__Leeprom_data                                 eeprom_data  00000
__Lend_init                                    end_init     00036
__Lfunctab                                     functab      00000
__Lheap                                        heap         00000
__LidataEEDATA                                 idataEEDATA  00000
__Linit                                        init         00036
__Lintentry                                    intentry     00004
__Lmaintext                                    maintext     00000
__Lpowerup                                     powerup      00000
__Lram                                         ram          00000
__Lreset_vec                                   reset_vec    00000
__Lsfr0                                        sfr0         00000
__Lsfr1                                        sfr1         00000
__Lsfr10                                       sfr10        00000
__Lsfr11                                       sfr11        00000
__Lsfr12                                       sfr12        00000
__Lsfr13                                       sfr13        00000
__Lsfr14                                       sfr14        00000
__Lsfr15                                       sfr15        00000
__Lsfr16                                       sfr16        00000
__Lsfr17                                       sfr17        00000
__Lsfr18                                       sfr18        00000
__Lsfr19                                       sfr19        00000
__Lsfr2                                        sfr2         00000
__Lsfr20                                       sfr20        00000
__Lsfr21                                       sfr21        00000
__Lsfr22                                       sfr22        00000
__Lsfr23                                       sfr23        00000
__Lsfr24                                       sfr24        00000
__Lsfr25                                       sfr25        00000
__Lsfr26                                       sfr26        00000
__Lsfr27                                       sfr27        00000
__Lsfr28                                       sfr28        00000
__Lsfr29                                       sfr29        00000
__Lsfr3                                        sfr3         00000
__Lsfr30                                       sfr30        00000
__Lsfr31                                       sfr31        00000
__Lsfr4                                        sfr4         00000
__Lsfr5                                        sfr5         00000
__Lsfr6                                        sfr6         00000
__Lsfr7                                        sfr7         00000
__Lsfr8                                        sfr8         00000
__Lsfr9                                        sfr9         00000
__Lsivt                                        sivt         00036
__Lspace_0                                     (abs)        00000
__Lspace_1                                     (abs)        00000
__Lspace_2                                     (abs)        00000
__Lspace_3                                     (abs)        00000
__Lspace_4                                     (abs)        00000
__Lstack                                       stack        00000
__Lstrings                                     strings      00000
__Lstringtext1                                 stringtext1  00000
__Lstringtext2                                 stringtext2  00000
__Ltext                                        text         00000
__S0                                           (abs)        00346
__S1                                           (abs)        0007E
__S3                                           (abs)        0F003
___heap_hi                                     (abs)        00000
___heap_lo                                     (abs)        00000
___int_sp                                      stack        00000
___int_stack_hi                                stack        00000
___int_stack_lo                                stack        00000
___latbits                                     (abs)        00003
___sp                                          stack        00000
___stack_hi                                    stack        00000
___stack_lo                                    stack        00000
___stackhi                                     (abs)        00000
___stacklo                                     (abs)        00000
__end_of_CLOCK_Initialize                      text14       002A3
__end_of_I2C1_AckSend                          text45       00324
__end_of_I2C1_BusReset                         text51       0032C
__end_of_I2C1_CallbackRegister                 text13       00299
__end_of_I2C1_Close                            text47       00229
__end_of_I2C1_DataReceive                      text44       0033B
__end_of_I2C1_DataTransmit                     text39       00308
__end_of_I2C1_DefaultCallback                  text52       00346
__end_of_I2C1_ERROR_ISR                        text27       00314
__end_of_I2C1_EVENT_ERROR                      text31       002F3
__end_of_I2C1_EVENT_IDLE                       text36       00318
__end_of_I2C1_EVENT_NACK                       text32       002F9
__end_of_I2C1_EVENT_RESET                      text29       002C8
__end_of_I2C1_EVENT_RX                         text33       0015E
__end_of_I2C1_EVENT_SEND_RD_ADDR               text35       002B3
__end_of_I2C1_EVENT_SEND_WR_ADDR               text34       002CF
__end_of_I2C1_EVENT_STOP                       text30       002AB
__end_of_I2C1_EVENT_TX                         text37       0018A
__end_of_I2C1_ErrorEventHandler                text28       001D2
__end_of_I2C1_ErrorGet                         text19       002E7
__end_of_I2C1_ErrorInterruptClear              text50       00344
__end_of_I2C1_EventHandler                     text23       0011E
__end_of_I2C1_Host                             stringtext2  00215
__end_of_I2C1_ISR                              text22       00310
__end_of_I2C1_Initialize                       text11       00201
__end_of_I2C1_InterruptClear                   text49       00341
__end_of_I2C1_InterruptsEnable                 text12       0030C
__end_of_I2C1_IsAddr                           text26       002C1
__end_of_I2C1_IsBusy                           text18       0025C
__end_of_I2C1_IsData                           text25       00303
__end_of_I2C1_IsNack                           text24       002ED
__end_of_I2C1_IsRxBufFull                      text43       00320
__end_of_I2C1_NackSend                         text42       0031C
__end_of_I2C1_ReceiveEnable                    text41       00338
__end_of_I2C1_RestartDisable                   text40       00335
__end_of_I2C1_RestartEnable                    text38       00332
__end_of_I2C1_StartSend                        text17       0032F
__end_of_I2C1_StatusFlagsClear                 text48       00328
__end_of_I2C1_StopSend                         text46       0033E
__end_of_I2C1_Write                            text15       001B0
__end_of_I2C1_WriteStart                       text16       002BA
__end_of_INTERRUPT_Initialize                  text9        0028E
__end_of_INTERRUPT_InterruptManager            intentry     00036
__end_of_INT_SetInterruptHandler               text10       002FE
__end_of_PIN_MANAGER_IOC                       text21       00345
__end_of_PIN_MANAGER_Initialize                text8        000DB
__end_of_PWM5_Initialize                       text7        00283
__end_of_PWM6_Initialize                       text6        00277
__end_of_SYSTEM_Initialize                     text1        001EB
__end_of_TMR2_Initialize                       text4        0026B
__end_of_TMR2_OverflowCallbackRegister         text5        002E1
__end_of_TMR4_Initialize                       text2        0024C
__end_of_TMR4_OverflowCallbackRegister         text3        002DB
__end_of__initialization                       cinit        00044
__end_of_i2c1_eventTable                       stringtext1  0023B
__end_of_main                                  maintext     00097
__initialization                               cinit        00038
__pbssBANK0                                    bssBANK0     00020
__pbssCOMMON                                   bssCOMMON    0007A
__pcstackBANK0                                 cstackBANK0  00031
__pcstackCOMMON                                cstackCOMMON 00070
__pdataEEDATA                                  dataEEDATA   00000
__pidataEEDATA                                 idataEEDATA  00000
__pintentry                                    intentry     00004
__pmaintext                                    maintext     00048
__pstringtext1                                 stringtext1  00229
__pstringtext2                                 stringtext2  00201
__ptext1                                       text1        001D2
__ptext10                                      text10       002F9
__ptext11                                      text11       001EB
__ptext12                                      text12       00308
__ptext13                                      text13       0028E
__ptext14                                      text14       00299
__ptext15                                      text15       0018A
__ptext16                                      text16       002B3
__ptext17                                      text17       0032C
__ptext18                                      text18       0024C
__ptext19                                      text19       002E1
__ptext2                                       text2        0023B
__ptext21                                      text21       00344
__ptext22                                      text22       0030C
__ptext23                                      text23       000DB
__ptext24                                      text24       002E7
__ptext25                                      text25       002FE
__ptext26                                      text26       002BA
__ptext27                                      text27       00310
__ptext28                                      text28       001B0
__ptext29                                      text29       002C1
__ptext3                                       text3        002D5
__ptext30                                      text30       002A3
__ptext31                                      text31       002ED
__ptext32                                      text32       002F3
__ptext33                                      text33       0011E
__ptext34                                      text34       002C8
__ptext35                                      text35       002AB
__ptext36                                      text36       00314
__ptext37                                      text37       0015E
__ptext38                                      text38       0032F
__ptext39                                      text39       00303
__ptext4                                       text4        0025C
__ptext40                                      text40       00332
__ptext41                                      text41       00335
__ptext42                                      text42       00318
__ptext43                                      text43       0031C
__ptext44                                      text44       00338
__ptext45                                      text45       00320
__ptext46                                      text46       0033B
__ptext47                                      text47       00215
__ptext48                                      text48       00324
__ptext49                                      text49       0033E
__ptext5                                       text5        002DB
__ptext50                                      text50       00341
__ptext51                                      text51       00328
__ptext52                                      text52       00345
__ptext6                                       text6        0026B
__ptext7                                       text7        00277
__ptext8                                       text8        00097
__ptext9                                       text9        00283
_alarm1                                        idataEEDATA  00001
_alarm2                                        idataEEDATA  00000
_i2c1Status                                    bssBANK0     00020
_i2c1_eventTable                               stringtext1  00229
_main                                          maintext     00048
_time                                          idataEEDATA  00002
btemp                                          (abs)        0007E
clear_ram0                                     clrtext      002CF
end_of_initialization                          cinit        00044
int$flags                                      (abs)        0007E
intlevel0                                      functab      00000
intlevel1                                      functab      00000
intlevel2                                      functab      00000
intlevel3                                      functab      00000
intlevel4                                      functab      00000
intlevel5                                      functab      00000
main@I2C                                       cstackBANK0  00036
main@dataWrite                                 cstackBANK0  00034
reset_vec                                      reset_vec    00000
start                                          init         00036
start_initialization                           cinit        00038
wtemp0                                         (abs)        0007E


MODULE INFORMATION

Module		Function		Class		Link	Load	Size
mcc_generated_files/system/src/interrupt.c
		_INT_SetInterruptHandler		CODE           	02F9	0000	5
		_INTERRUPT_Initialize		CODE           	0283	0000	11
		_INTERRUPT_InterruptManager		CODE           	0004	0000	50

mcc_generated_files/system/src/interrupt.c estimated size: 66

mcc_generated_files/i2c_host/src/mssp1.c
		_I2C1_EVENT_SEND_WR_ADDR		CODE           	02C8	0000	7
		_I2C1_NackSend 		CODE           	0318	0000	4
		_I2C1_ErrorEventHandler		CODE           	01B0	0000	34
		_I2C1_CallbackRegister		CODE           	028E	0000	11
		_I2C1_EVENT_RESET		CODE           	02C1	0000	7
		_I2C1_EVENT_ERROR		CODE           	02ED	0000	6
		_I2C1_ErrorInterruptClear		CODE           	0341	0000	3
		_I2C1_StatusFlagsClear		CODE           	0324	0000	4
		_I2C1_InterruptsEnable		CODE           	0308	0000	4
		_I2C1_InterruptClear		CODE           	033E	0000	3
		_I2C1_WriteStart		CODE           	02B3	0000	7
		_I2C1_EVENT_RX 		CODE           	011E	0000	64
		_I2C1_EVENT_TX 		CODE           	015E	0000	44
		_I2C1_ReceiveEnable		CODE           	0335	0000	3
		_I2C1_RestartEnable		CODE           	032F	0000	3
		_I2C1_ISR      		CODE           	030C	0000	4
		_I2C1_EventHandler		CODE           	00DB	0000	67
		_I2C1_DataReceive		CODE           	0338	0000	3
		_I2C1_IsData   		CODE           	02FE	0000	5
		_I2C1_IsNack   		CODE           	02E7	0000	6
		_I2C1_IsAddr   		CODE           	02BA	0000	7
		_I2C1_IsBusy   		CODE           	024C	0000	16
		_I2C1_EVENT_IDLE		CODE           	0314	0000	4
		_I2C1_EVENT_NACK		CODE           	02F3	0000	6
		_I2C1_ErrorGet 		CODE           	02E1	0000	6
		_I2C1_EVENT_SEND_RD_ADDR		CODE           	02AB	0000	8
		_I2C1_EVENT_STOP		CODE           	02A3	0000	8
		_I2C1_BusReset 		CODE           	0328	0000	4
		_I2C1_Initialize		CODE           	01EB	0000	22
		_I2C1_Close    		CODE           	0215	0000	20
		_I2C1_ERROR_ISR		CODE           	0310	0000	4
		_I2C1_IsRxBufFull		CODE           	031C	0000	4
		_I2C1_Write    		CODE           	018A	0000	38
		_I2C1_StopSend 		CODE           	033B	0000	3
		_I2C1_RestartDisable		CODE           	0332	0000	3
		_I2C1_DataTransmit		CODE           	0303	0000	5
		_I2C1_AckSend  		CODE           	0320	0000	4
		_I2C1_DefaultCallback		CODE           	0345	0000	1
		_I2C1_StartSend		CODE           	032C	0000	3

mcc_generated_files/i2c_host/src/mssp1.c estimated size: 455

mcc_generated_files/pwm/src/pwm5.c
		_PWM5_Initialize		CODE           	0277	0000	12

mcc_generated_files/pwm/src/pwm5.c estimated size: 12

mcc_generated_files/system/src/pins.c
		_PIN_MANAGER_Initialize		CODE           	0097	0000	68
		_PIN_MANAGER_IOC		CODE           	0344	0000	1

mcc_generated_files/system/src/pins.c estimated size: 69

shared
		__initialization		CODE           	0038	0000	12
		_I2C1_Host     		STRCODE        	0201	0000	20
		_i2c1_eventTable		STRCODE        	0229	0000	18

shared estimated size: 50

mcc_generated_files/timer/src/tmr4.c
		_TMR4_Initialize		CODE           	023B	0000	17
		_TMR4_OverflowCallbackRegister		CODE           	02D5	0000	6

mcc_generated_files/timer/src/tmr4.c estimated size: 23

mcc_generated_files/timer/src/tmr2.c
		_TMR2_Initialize		CODE           	025C	0000	15
		_TMR2_OverflowCallbackRegister		CODE           	02DB	0000	6

mcc_generated_files/timer/src/tmr2.c estimated size: 21

mcc_generated_files/system/src/clock.c
		_CLOCK_Initialize		CODE           	0299	0000	10

mcc_generated_files/system/src/clock.c estimated size: 10

main.c
		_main          		CODE           	0048	0000	79

main.c estimated size: 79

mcc_generated_files/system/src/system.c
		_SYSTEM_Initialize		CODE           	01D2	0000	25

mcc_generated_files/system/src/system.c estimated size: 25

mcc_generated_files/pwm/src/pwm6.c
		_PWM6_Initialize		CODE           	026B	0000	12

mcc_generated_files/pwm/src/pwm6.c estimated size: 12

