Microchip MPLAB XC8 Compiler V2.46

Linker command line:

-W-3 \
  --edf=C:/Program Files/Microchip/MPLABX/v6.20/packs/Microchip/PIC16F1xxxx_DFP/1.24.387/xc8\pic\dat\20240111205957_en.msgs \
  -cn -h+dist/default/production\DMClock.X.production.sym \
  --cmf=dist/default/production\DMClock.X.production.cmf -z -Q16F18346 \
  -oC:\Users\12243\AppData\Local\Temp\xcBsg4c.1\driver_tmp_3.o \
  --defsym=__MPLAB_BUILD=1 --fixupoverflow=error \
  -Mdist/default/production/DMClock.X.production.map \
  --md=C:\Users\12243\AppData\Local\Temp\xcBsg4c.1\driver_tmp_0.dat -E1 \
  -ver=XC8 Compiler --acfsm=1493 -ACODE=00h-07FFhx8 -ASTRCODE=00h-03FFFh \
  -ASTRING=00h-0FFhx64 -ACONST=00h-0FFhx64 -AENTRY=00h-0FFhx64 \
  -ACOMMON=070h-07Fh -ABANK0=020h-06Fh -ABANK1=0A0h-0EFh \
  -ABANK2=0120h-016Fh -ABANK3=01A0h-01EFh -ABANK4=0220h-026Fh \
  -ABANK5=02A0h-02EFh -ABANK6=0320h-036Fh -ABANK7=03A0h-03EFh \
  -ABANK8=0420h-046Fh -ABANK9=04A0h-04EFh -ABANK10=0520h-056Fh \
  -ABANK11=05A0h-05EFh -ABANK12=0620h-066Fh -ABANK13=06A0h-06EFh \
  -ABANK14=0720h-076Fh -ABANK15=07A0h-07EFh -ABANK16=0820h-086Fh \
  -ABANK17=08A0h-08EFh -ABANK18=0920h-096Fh -ABANK19=09A0h-09EFh \
  -ABANK20=0A20h-0A6Fh -ABANK21=0AA0h-0AEFh -ABANK22=0B20h-0B6Fh \
  -ABANK23=0BA0h-0BEFh -ABANK24=0C20h-0C6Fh -ABANK25=0CA0h-0CBFh \
  -ABIGRAM=02000h-027EFh \
  -ARAM=020h-06Fh,0A0h-0EFh,0120h-016Fh,01A0h-01EFh,0220h-026Fh,02A0h-02EFh,0320h-036Fh,03A0h-03EFh,0420h-046Fh,04A0h-04EFh,0520h-056Fh,05A0h-05EFh,0620h-066Fh,06A0h-06EFh,0720h-076Fh,07A0h-07EFh,0820h-086Fh,08A0h-08EFh,0920h-096Fh,09A0h-09EFh,0A20h-0A6Fh,0AA0h-0AEFh,0B20h-0B6Fh,0BA0h-0BEFh,0C20h-0C6Fh,0CA0h-0CBFh \
  -AABS1=020h-07Fh,0A0h-0EFh,0120h-016Fh,01A0h-01EFh,0220h-026Fh,02A0h-02EFh,0320h-036Fh,03A0h-03EFh,0420h-046Fh,04A0h-04EFh,0520h-056Fh,05A0h-05EFh,0620h-066Fh,06A0h-06EFh,0720h-076Fh,07A0h-07EFh,0820h-086Fh,08A0h-08EFh,0920h-096Fh,09A0h-09EFh,0A20h-0A6Fh,0AA0h-0AEFh,0B20h-0B6Fh,0BA0h-0BEFh,0C20h-0C6Fh,0CA0h-0CBFh \
  -ASFR0=00h-01Fh -ASFR1=080h-09Fh -ASFR2=0100h-011Fh -ASFR3=0180h-019Fh \
  -ASFR4=0200h-021Fh -ASFR5=0280h-029Fh -ASFR6=0300h-031Fh \
  -ASFR7=0380h-039Fh -ASFR8=0400h-041Fh -ASFR9=0480h-049Fh \
  -ASFR10=0500h-051Fh -ASFR11=0580h-059Fh -ASFR12=0600h-061Fh \
  -ASFR13=0680h-069Fh -ASFR14=0700h-071Fh -ASFR15=0780h-079Fh \
  -ASFR16=0800h-081Fh -ASFR17=0880h-089Fh -ASFR18=0900h-091Fh \
  -ASFR19=0980h-099Fh -ASFR20=0A00h-0A1Fh -ASFR21=0A80h-0A9Fh \
  -ASFR22=0B00h-0B1Fh -ASFR23=0B80h-0B9Fh -ASFR24=0C00h-0C1Fh \
  -ASFR25=0C80h-0C9Fh -ASFR26=0D00h-0D6Fh -ASFR27=0D80h-0DEFh \
  -ASFR28=0E00h-0E6Fh -ASFR29=0E80h-0EEFh -ASFR30=0F00h-0F6Fh \
  -ASFR31=0F80h-0FEFh -ACONFIG=08007h-0800Ah -DCONFIG=2 \
  -AIDLOC=08000h-08003h -DIDLOC=2 -AEEDATA=00h-0FFh/0F000h \
  -peeprom_data=EEDATA -DEEDATA=2 -DCODE=2 -DSTRCODE=2 -DSTRING=2 -DCONST=2 \
  -DENTRY=2 -preset_vec=00h,intentry=04h,sivt,init,end_init -ppowerup=CODE \
  -pcinit=CODE -pfunctab=ENTRY -k \
  C:\Users\12243\AppData\Local\Temp\xcBsg4c.1\driver_tmp_15.o \
  dist/default/production\DMClock.X.production.o 

Object code version is 3.11

Machine type is 16F18346



                Name                               Link     Load   Length Selector   Space Scale
C:\Users\12243\AppData\Local\Temp\xcBsg4c.1\driver_tmp_15.o
                end_init                             C9       C9        2        8       0
                reset_vec                             0        0        2        0       0
                config                             8007     8007        4        0       4
dist/default/production\DMClock.X.production.o
                cinit                                CB       CB       6D        8       0
                intentry                              4        4       C5        8       0
                text5_split_18                     1022     1022      7DE     2044       0
                text5_split_17                     2DF1     2DF1       83     5BE2       0
                text35_split_16                     808      808      7F8     1010       0
                text5_split_15                     23B5     23B5       8A     476A       0
                text35_split_14                    232C     232C       89     4658       0
                text5_split_13                     2E74     2E74       84     5CE8       0
                text35_split_12                    18B6     18B6       98     316C       0
                text5_split_11                      777      777       89        8       0
                text35_split_10                    1826     1826       90     304C       0
                text5_split_9                      243F     243F       8A     487E       0
                text35_split_8                     2EF8     2EF8       84     5DF0       0
                text5_split_7                      24C9     24C9       8A     4992       0
                text35_split_6                     2F7C     2F7C       84     5EF8       0
                text5_split_5                      2553     2553       8E     4AA6       0
                text35_split_4                     2196     2196       86     432C       0
                text5_split_3                      221C     221C       88     4438       0
                text35_split_2                     22A4     22A4       88     4548       0
                text5_split_1                      2111     2111       85     4222       0
                config                             8007     8007        4        0       4
                text48                             2ABB     2ABB        4     5576       0
                text47                             2A97     2A97        3     552E       0
                text46                             2A9A     2A9A        3     5534       0
                text45                             2ABF     2ABF        4     557E       0
                text44                             2A9D     2A9D        3     553A       0
                text43                             2AA0     2AA0        3     5540       0
                text42                             2AC3     2AC3        4     5586       0
                text41                             2AA3     2AA3        3     5546       0
                text40                             2AA6     2AA6        3     554C       0
                text39                             2BB5     2BB5       22     576A       0
                text38                             2BFD     2BFD       2B     57FA       0
                text37                             1000     1000       22     1010       0
                text36                             194E     194E       AA     329C       0
                text35                             2009     2009       84     4012       0
                text33                             2AE6     2AE6        9     55CC       0
                text32                             2AF8     2AF8        A     55F0       0
                text31                             2B02     2B02        C     5604       0
                text30                             2AC7     2AC7        4     558E       0
                text29                             2B6A     2B6A       17     56D4       0
                text28                             2DA7     2DA7       4A     5B4E       0
                text27                             2B0E     2B0E        C     561C       0
                text26                             2B1A     2B1A        C     5634       0
                text25                             2ADA     2ADA        6     55B4       0
                text24                             2B26     2B26       10     564C       0
                text23                             2AEF     2AEF        9     55DE       0
                text22                             2B46     2B46       12     568C       0
                text21                             2000     2000        9     39B6       0
                text20                             2B58     2B58       12     56B0       0
                text19                             2B99     2B99       1C     5732       0
                text18                             2ACB     2ACB        5     5596       0
                text17                             2AA9     2AA9        3     5552       0
                text16                             2AAC     2AAC        3     5558       0
                text15                             2AD0     2AD0        5     55A0       0
                text14                             2AAF     2AAF        3     555E       0
                text13                             2AB2     2AB2        3     5564       0
                text12                             2AD5     2AD5        5     55AA       0
                text11                             2AB5     2AB5        3     556A       0
                text10                             2AB8     2AB8        3     5570       0
                text9                              2BD7     2BD7       26     57AE       0
                text8                              2C28     2C28       2F     5850       0
                text7                              1800     1800       26     2044       0
                text6                               6BD      6BD       BA        8       0
                text5                              208D     208D       84     411A       0
                text4                              19F8     19F8      2E3     33F0       0
                text3                              1CDB     1CDB      325     39B6       0
                text2                              25E1     25E1      21F     4BC2       0
                text1                               138      138      585        8       0
                maintext                           2B36     2B36       10     566C       0
                cstackBANK0                          20       20       48       20       1
                cstackCOMMON                         70       70        7       70       1
                cstackBANK1                          A0       A0       4F       A0       1
                cstackBANK2                         120      120       48      120       1
                clrtext                            2AE0     2AE0        6     55C0       0
                inittext                            802      802        6     1004       0
                dataBANK8                           420      420       18      420       1
                dataBANK7                           3A0      3A0       48      3A0       1
                dataBANK6                           320      320       48      320       1
                dataBANK5                           2A0      2A0       48      2A0       1
                dataBANK4                           220      220       48      220       1
                dataBANK3                           1A0      1A0       30      1A0       1
                bssBANK3                            1D0      1D0       20      1A0       1
                dataBANK0                            6C       6C        2       20       1
                bssBANK0                             68       68        4       20       1
                dataCOMMON                           7C       7C        2       70       1
                bssCOMMON                            77       77        5       70       1
                stringtext11                       3036     3036        2     6000       0
                stringtext10                       3034     3034        2     6000       0
                stringtext9                        3032     3032        2     6000       0
                stringtext8                        3030     3030        2     6000       0
                stringtext7                        302E     302E        2     6000       0
                stringtext6                        302C     302C        2     6000       0
                stringtext5                        302A     302A        2     6000       0
                stringtext4                        3028     3028        2     6000       0
                stringtext3                        3026     3026        2     6000       0
                stringtext2                        3014     3014       12     6000       0
                stringtext1                        3000     3000       14     6000       0
                idataEEDATA                           0     F000        1    1E000       3
                idataBANK8                         2B81     2B81       18     5702       0
                idataBANK7                         2C87     2C87       48     590E       0
                idataBANK6                         2CCF     2CCF       48     599E       0
                idataBANK5                         2D17     2D17       48     5A2E       0
                idataBANK4                         2D5F     2D5F       48     5ABE       0
                idataBANK3                         2C57     2C57       30     58AE       0
                idataBANK0                          800      800        2        8       0
                idataCOMMON                           2        2        2        0       0

TOTAL           Name                               Link     Load   Length     Space
        CLASS   CODE           
                end_init                             C9       C9        2         0
                cinit                                CB       CB       6D         0
                intentry                              4        4       C5         0
                reset_vec                             0        0        2         0
                text5_split_18                     1022     1022      7DE         0
                text5_split_17                     2DF1     2DF1       83         0
                text35_split_16                     808      808      7F8         0
                text5_split_15                     23B5     23B5       8A         0
                text35_split_14                    232C     232C       89         0
                text5_split_13                     2E74     2E74       84         0
                text35_split_12                    18B6     18B6       98         0
                text5_split_11                      777      777       89         0
                text35_split_10                    1826     1826       90         0
                text5_split_9                      243F     243F       8A         0
                text35_split_8                     2EF8     2EF8       84         0
                text5_split_7                      24C9     24C9       8A         0
                text35_split_6                     2F7C     2F7C       84         0
                text5_split_5                      2553     2553       8E         0
                text35_split_4                     2196     2196       86         0
                text5_split_3                      221C     221C       88         0
                text35_split_2                     22A4     22A4       88         0
                text5_split_1                      2111     2111       85         0
                text48                             2ABB     2ABB        4         0
                text47                             2A97     2A97        3         0
                text46                             2A9A     2A9A        3         0
                text45                             2ABF     2ABF        4         0
                text44                             2A9D     2A9D        3         0
                text43                             2AA0     2AA0        3         0
                text42                             2AC3     2AC3        4         0
                text41                             2AA3     2AA3        3         0
                text40                             2AA6     2AA6        3         0
                text39                             2BB5     2BB5       22         0
                text38                             2BFD     2BFD       2B         0
                text37                             1000     1000       22         0
                text36                             194E     194E       AA         0
                text35                             2009     2009       84         0
                text33                             2AE6     2AE6        9         0
                text32                             2AF8     2AF8        A         0
                text31                             2B02     2B02        C         0
                text30                             2AC7     2AC7        4         0
                text29                             2B6A     2B6A       17         0
                text28                             2DA7     2DA7       4A         0
                text27                             2B0E     2B0E        C         0
                text26                             2B1A     2B1A        C         0
                text25                             2ADA     2ADA        6         0
                text24                             2B26     2B26       10         0
                text23                             2AEF     2AEF        9         0
                text22                             2B46     2B46       12         0
                text21                             2000     2000        9         0
                text20                             2B58     2B58       12         0
                text19                             2B99     2B99       1C         0
                text18                             2ACB     2ACB        5         0
                text17                             2AA9     2AA9        3         0
                text16                             2AAC     2AAC        3         0
                text15                             2AD0     2AD0        5         0
                text14                             2AAF     2AAF        3         0
                text13                             2AB2     2AB2        3         0
                text12                             2AD5     2AD5        5         0
                text11                             2AB5     2AB5        3         0
                text10                             2AB8     2AB8        3         0
                text9                              2BD7     2BD7       26         0
                text8                              2C28     2C28       2F         0
                text7                              1800     1800       26         0
                text6                               6BD      6BD       BA         0
                text5                              208D     208D       84         0
                text4                              19F8     19F8      2E3         0
                text3                              1CDB     1CDB      325         0
                text2                              25E1     25E1      21F         0
                text1                               138      138      585         0
                maintext                           2B36     2B36       10         0
                clrtext                            2AE0     2AE0        6         0
                inittext                            802      802        6         0
                idataBANK8                         2B81     2B81       18         0
                idataBANK7                         2C87     2C87       48         0
                idataBANK6                         2CCF     2CCF       48         0
                idataBANK5                         2D17     2D17       48         0
                idataBANK4                         2D5F     2D5F       48         0
                idataBANK3                         2C57     2C57       30         0
                idataBANK0                          800      800        2         0
                idataCOMMON                           2        2        2         0

        CLASS   STRCODE        
                stringtext11                       3036     3036        2         0
                stringtext10                       3034     3034        2         0
                stringtext9                        3032     3032        2         0
                stringtext8                        3030     3030        2         0
                stringtext7                        302E     302E        2         0
                stringtext6                        302C     302C        2         0
                stringtext5                        302A     302A        2         0
                stringtext4                        3028     3028        2         0
                stringtext3                        3026     3026        2         0
                stringtext2                        3014     3014       12         0
                stringtext1                        3000     3000       14         0

        CLASS   STRING         

        CLASS   CONST          

        CLASS   ENTRY          

        CLASS   COMMON         
                cstackCOMMON                         70       70        7         1
                dataCOMMON                           7C       7C        2         1
                bssCOMMON                            77       77        5         1

        CLASS   BANK0          
                cstackBANK0                          20       20       48         1
                dataBANK0                            6C       6C        2         1
                bssBANK0                             68       68        4         1

        CLASS   BANK1          
                cstackBANK1                          A0       A0       4F         1

        CLASS   BANK2          
                cstackBANK2                         120      120       48         1

        CLASS   BANK3          
                dataBANK3                           1A0      1A0       30         1
                bssBANK3                            1D0      1D0       20         1

        CLASS   BANK4          
                dataBANK4                           220      220       48         1

        CLASS   BANK5          
                dataBANK5                           2A0      2A0       48         1

        CLASS   BANK6          
                dataBANK6                           320      320       48         1

        CLASS   BANK7          
                dataBANK7                           3A0      3A0       48         1

        CLASS   BANK8          
                dataBANK8                           420      420       18         1

        CLASS   BANK9          

        CLASS   BANK10         

        CLASS   BANK11         

        CLASS   BANK12         

        CLASS   BANK13         

        CLASS   BANK14         

        CLASS   BANK15         

        CLASS   BANK16         

        CLASS   BANK17         

        CLASS   BANK18         

        CLASS   BANK19         

        CLASS   BANK20         

        CLASS   BANK21         

        CLASS   BANK22         

        CLASS   BANK23         

        CLASS   BANK24         

        CLASS   BANK25         

        CLASS   BIGRAM         

        CLASS   RAM            

        CLASS   ABS1           
                abs_s1                               7E       7E        2         1

        CLASS   SFR0           

        CLASS   SFR1           

        CLASS   SFR2           

        CLASS   SFR3           

        CLASS   SFR4           

        CLASS   SFR5           

        CLASS   SFR6           

        CLASS   SFR7           

        CLASS   SFR8           

        CLASS   SFR9           

        CLASS   SFR10          

        CLASS   SFR11          

        CLASS   SFR12          

        CLASS   SFR13          

        CLASS   SFR14          

        CLASS   SFR15          

        CLASS   SFR16          

        CLASS   SFR17          

        CLASS   SFR18          

        CLASS   SFR19          

        CLASS   SFR20          

        CLASS   SFR21          

        CLASS   SFR22          

        CLASS   SFR23          

        CLASS   SFR24          

        CLASS   SFR25          

        CLASS   SFR26          

        CLASS   SFR27          

        CLASS   SFR28          

        CLASS   SFR29          

        CLASS   SFR30          

        CLASS   SFR31          

        CLASS   CONFIG         
                config                             8007     8007        4         4

        CLASS   IDLOC          

        CLASS   EEDATA         
                idataEEDATA                           0     F000        1         3

        CLASS   BANK31         

        CLASS   BANK30         

        CLASS   BANK29         

        CLASS   BANK28         

        CLASS   BANK27         

        CLASS   BANK26         

        CLASS   HEAP           

        CLASS   STACK          



SEGMENTS        Name                           Load    Length   Top    Selector   Space  Class     Delta

                reset_vec                      000000  000004  000004         0       0  CODE        2
                intentry                       000004  0007FE  000802         8       0  CODE        2
                cstackBANK0                    000020  00004E  00006E        20       1  BANK0       1
                cstackCOMMON                   000070  00000E  00007E        70       1  COMMON      1
                cstackBANK1                    0000A0  00004F  0000EF        A0       1  BANK1       1
                cstackBANK2                    000120  000048  000168       120       1  BANK2       1
                dataBANK3                      0001A0  000050  0001F0       1A0       1  BANK3       1
                dataBANK4                      000220  000048  000268       220       1  BANK4       1
                dataBANK5                      0002A0  000048  0002E8       2A0       1  BANK5       1
                dataBANK6                      000320  000048  000368       320       1  BANK6       1
                dataBANK7                      0003A0  000048  0003E8       3A0       1  BANK7       1
                dataBANK8                      000420  000018  000438       420       1  BANK8       1
                inittext                       000802  000006  000808      1004       0  CODE        2
                text35_split_16                000808  00081A  001022      1010       0  CODE        2
                text5_split_18                 001022  000804  001826      2044       0  CODE        2
                text35_split_10                001826  000090  0018B6      304C       0  CODE        2
                text35_split_12                0018B6  000098  00194E      316C       0  CODE        2
                text36                         00194E  0000AA  0019F8      329C       0  CODE        2
                text4                          0019F8  0002E3  001CDB      33F0       0  CODE        2
                text3                          001CDB  00032E  002009      39B6       0  CODE        2
                text35                         002009  000084  00208D      4012       0  CODE        2
                text5                          00208D  000084  002111      411A       0  CODE        2
                text5_split_1                  002111  000085  002196      4222       0  CODE        2
                text35_split_4                 002196  000086  00221C      432C       0  CODE        2
                text5_split_3                  00221C  000088  0022A4      4438       0  CODE        2
                text35_split_2                 0022A4  000088  00232C      4548       0  CODE        2
                text35_split_14                00232C  000089  0023B5      4658       0  CODE        2
                text5_split_15                 0023B5  00008A  00243F      476A       0  CODE        2
                text5_split_9                  00243F  00008A  0024C9      487E       0  CODE        2
                text5_split_7                  0024C9  00008A  002553      4992       0  CODE        2
                text5_split_5                  002553  00008E  0025E1      4AA6       0  CODE        2
                text2                          0025E1  00021F  002800      4BC2       0  CODE        2
                text47                         002A97  000003  002A9A      552E       0  CODE        2
                text46                         002A9A  000003  002A9D      5534       0  CODE        2
                text44                         002A9D  000003  002AA0      553A       0  CODE        2
                text43                         002AA0  000003  002AA3      5540       0  CODE        2
                text41                         002AA3  000003  002AA6      5546       0  CODE        2
                text40                         002AA6  000003  002AA9      554C       0  CODE        2
                text17                         002AA9  000003  002AAC      5552       0  CODE        2
                text16                         002AAC  000003  002AAF      5558       0  CODE        2
                text14                         002AAF  000003  002AB2      555E       0  CODE        2
                text13                         002AB2  000003  002AB5      5564       0  CODE        2
                text11                         002AB5  000003  002AB8      556A       0  CODE        2
                text10                         002AB8  000003  002ABB      5570       0  CODE        2
                text48                         002ABB  000004  002ABF      5576       0  CODE        2
                text45                         002ABF  000004  002AC3      557E       0  CODE        2
                text42                         002AC3  000004  002AC7      5586       0  CODE        2
                text30                         002AC7  000004  002ACB      558E       0  CODE        2
                text18                         002ACB  000005  002AD0      5596       0  CODE        2
                text15                         002AD0  000005  002AD5      55A0       0  CODE        2
                text12                         002AD5  000005  002ADA      55AA       0  CODE        2
                text25                         002ADA  000006  002AE0      55B4       0  CODE        2
                clrtext                        002AE0  000006  002AE6      55C0       0  CODE        2
                text33                         002AE6  000009  002AEF      55CC       0  CODE        2
                text23                         002AEF  000009  002AF8      55DE       0  CODE        2
                text32                         002AF8  00000A  002B02      55F0       0  CODE        2
                text31                         002B02  00000C  002B0E      5604       0  CODE        2
                text27                         002B0E  00000C  002B1A      561C       0  CODE        2
                text26                         002B1A  00000C  002B26      5634       0  CODE        2
                text24                         002B26  000010  002B36      564C       0  CODE        2
                maintext                       002B36  000010  002B46      566C       0  CODE        2
                text22                         002B46  000012  002B58      568C       0  CODE        2
                text20                         002B58  000012  002B6A      56B0       0  CODE        2
                text29                         002B6A  000017  002B81      56D4       0  CODE        2
                idataBANK8                     002B81  000018  002B99      5702       0  CODE        2
                text19                         002B99  00001C  002BB5      5732       0  CODE        2
                text39                         002BB5  000022  002BD7      576A       0  CODE        2
                text9                          002BD7  000026  002BFD      57AE       0  CODE        2
                text38                         002BFD  00002B  002C28      57FA       0  CODE        2
                text8                          002C28  00002F  002C57      5850       0  CODE        2
                idataBANK3                     002C57  000030  002C87      58AE       0  CODE        2
                idataBANK7                     002C87  000048  002CCF      590E       0  CODE        2
                idataBANK6                     002CCF  000048  002D17      599E       0  CODE        2
                idataBANK5                     002D17  000048  002D5F      5A2E       0  CODE        2
                idataBANK4                     002D5F  000048  002DA7      5ABE       0  CODE        2
                text28                         002DA7  00004A  002DF1      5B4E       0  CODE        2
                text5_split_17                 002DF1  000083  002E74      5BE2       0  CODE        2
                text5_split_13                 002E74  000084  002EF8      5CE8       0  CODE        2
                text35_split_8                 002EF8  000084  002F7C      5DF0       0  CODE        2
                text35_split_6                 002F7C  000084  003000      5EF8       0  CODE        2
                stringtext1                    003000  000038  003038      6000       0  STRCODE     2
                idataEEDATA                    00F000  000001  00F001     1E000       3  EEDATA      2


UNUSED ADDRESS RANGES

        Name                Unused          Largest block    Delta
        BANK0            00006E-00006F                2           1
        BANK1            0000EF-0000EF                1           1
        BANK10           000520-00056F               50           1
        BANK11           0005A0-0005EF               50           1
        BANK12           000620-00066F               50           1
        BANK13           0006A0-0006EF               50           1
        BANK14           000720-00076F               50           1
        BANK15           0007A0-0007EF               50           1
        BANK16           000820-00086F               50           1
        BANK17           0008A0-0008EF               50           1
        BANK18           000920-00096F               50           1
        BANK19           0009A0-0009EF               50           1
        BANK2            000168-00016F                8           1
        BANK20           000A20-000A6F               50           1
        BANK21           000AA0-000AEF               50           1
        BANK22           000B20-000B6F               50           1
        BANK23           000BA0-000BEF               50           1
        BANK24           000C20-000C6F               50           1
        BANK25           000CA0-000CBF               20           1
        BANK4            000268-00026F                8           1
        BANK5            0002E8-0002EF                8           1
        BANK6            000368-00036F                8           1
        BANK7            0003E8-0003EF                8           1
        BANK8            000438-00046F               38           1
        BANK9            0004A0-0004EF               50           1
        BIGRAM           002000-0027EF              7F0           1
        CODE             002800-002A96              297           2
                         003038-003FFF              7C8
        CONST            002800-002A96              100           2
                         003038-003FFF              100
        EEDATA           00F001-00F0FF               FF           2
        ENTRY            002800-002A96              100           2
                         003038-003FFF              100
        IDLOC            008000-008003                4           2
        RAM              00006E-00006F                2           1
                         0000EF-0000EF                1
                         000168-00016F                8
                         000268-00026F                8
                         0002E8-0002EF                8
                         000368-00036F                8
                         0003E8-0003EF                8
                         000438-00046F               38
                         0004A0-0004EF               50
                         000520-00056F               50
                         0005A0-0005EF               50
                         000620-00066F               50
                         0006A0-0006EF               50
                         000720-00076F               50
                         0007A0-0007EF               50
                         000820-00086F               50
                         0008A0-0008EF               50
                         000920-00096F               50
                         0009A0-0009EF               50
                         000A20-000A6F               50
                         000AA0-000AEF               50
                         000B20-000B6F               50
                         000BA0-000BEF               50
                         000C20-000C6F               50
                         000CA0-000CBF               20
        SFR0             000000-00001F               20           1
        SFR1             000080-00009F               20           1
        SFR10            000500-00051F               20           1
        SFR11            000580-00059F               20           1
        SFR12            000600-00061F               20           1
        SFR13            000680-00069F               20           1
        SFR14            000700-00071F               20           1
        SFR15            000780-00079F               20           1
        SFR16            000800-00081F               20           1
        SFR17            000880-00089F               20           1
        SFR18            000900-00091F               20           1
        SFR19            000980-00099F               20           1
        SFR2             000100-00011F               20           1
        SFR20            000A00-000A1F               20           1
        SFR21            000A80-000A9F               20           1
        SFR22            000B00-000B1F               20           1
        SFR23            000B80-000B9F               20           1
        SFR24            000C00-000C1F               20           1
        SFR25            000C80-000C9F               20           1
        SFR26            000D00-000D6F               70           1
        SFR27            000D80-000DEF               70           1
        SFR28            000E00-000E6F               70           1
        SFR29            000E80-000EEF               70           1
        SFR3             000180-00019F               20           1
        SFR30            000F00-000F6F               70           1
        SFR31            000F80-000FEF               70           1
        SFR4             000200-00021F               20           1
        SFR5             000280-00029F               20           1
        SFR6             000300-00031F               20           1
        SFR7             000380-00039F               20           1
        SFR8             000400-00041F               20           1
        SFR9             000480-00049F               20           1
        STRCODE          002800-002A96              297           2
                         003038-003FFF              FC8
        STRING           002800-002A96              100           2
                         003038-003FFF              100

                                  Symbol Table

I2C1_CallbackRegister@callbackHandler          cstackBANK1  0000A0
TMR2_OverflowCallbackRegister@InterruptHandler cstackBANK1  0000A0
TMR2_PeriodCountSet@periodVal                  cstackBANK1  0000A0
TMR4_OverflowCallbackRegister@InterruptHandler cstackBANK1  0000A0
TMR4_PeriodCountSet@periodVal                  cstackBANK1  0000A0
TMR6_OverflowCallbackRegister@InterruptHandler cstackBANK1  0000A0
TMR6_PeriodCountSet@periodVal                  cstackBANK1  0000A0
_ANSELA                                        (abs)        00018C
_ANSELB                                        (abs)        00018D
_ANSELC                                        (abs)        00018E
_CCP1CON                                       (abs)        000293
_CCP1CONbits                                   (abs)        000293
_CCP1PPS                                       (abs)        000E14
_CCP1_Initialize                               text33       002AE6
_CCPR1H                                        (abs)        000292
_CCPR1L                                        (abs)        000291
_CCPTMRSbits                                   (abs)        00029F
_CLOCK_Initialize                              text32       002AF8
_I2C                                           bssBANK3     0001D0
_I2C1_Callback                                 bssCOMMON    000079
_I2C1_CallbackRegister                         text31       002B02
_I2C1_DefaultCallback                          (abs)        000000
_I2C1_Deinitialize                             (abs)        000000
_I2C1_EVENT_ERROR                              (abs)        000000
_I2C1_EVENT_IDLE                               (abs)        000000
_I2C1_EVENT_NACK                               (abs)        000000
_I2C1_EVENT_RESET                              (abs)        000000
_I2C1_EVENT_RX                                 (abs)        000000
_I2C1_EVENT_SEND_RD_ADDR                       (abs)        000000
_I2C1_EVENT_SEND_WR_ADDR                       (abs)        000000
_I2C1_EVENT_STOP                               (abs)        000000
_I2C1_EVENT_TX                                 (abs)        000000
_I2C1_ErrorGet                                 (abs)        000000
_I2C1_Initialize                               text29       002B6A
_I2C1_InterruptsEnable                         text30       002AC7
_I2C1_IsBusy                                   (abs)        000000
_I2C1_Read                                     (abs)        000000
_I2C1_Write                                    (abs)        000000
_I2C1_WriteRead                                (abs)        000000
_INLVLA                                        (abs)        00038C
_INLVLB                                        (abs)        00038D
_INLVLC                                        (abs)        00038E
_IOCAF                                         (abs)        000393
_IOCAN                                         (abs)        000392
_IOCAP                                         (abs)        000391
_IOCAPbits                                     (abs)        000391
_IOCBF                                         (abs)        000396
_IOCBN                                         (abs)        000395
_IOCBP                                         (abs)        000394
_IOCBPbits                                     (abs)        000394
_IOCCF                                         (abs)        000399
_IOCCN                                         (abs)        000398
_IOCCP                                         (abs)        000397
_ISR                                           intentry     000004
_LATA                                          (abs)        00010C
_LATB                                          (abs)        00010D
_LATC                                          (abs)        00010E
_ODCONA                                        (abs)        00028C
_ODCONB                                        (abs)        00028D
_ODCONC                                        (abs)        00028E
_OSCCON1                                       (abs)        000919
_OSCCON3                                       (abs)        00091B
_OSCEN                                         (abs)        00091D
_OSCFRQ                                        (abs)        00091F
_OSCSTAT1                                      (abs)        00091C
_OSCTUNE                                       (abs)        00091E
_PIE0bits                                      (abs)        000090
_PIE1bits                                      (abs)        000091
_PIN_MANAGER_Initialize                        text28       002DA7
_PIR0bits                                      (abs)        000010
_PIR1bits                                      (abs)        000011
_PIR2bits                                      (abs)        000012
_PORTAbits                                     (abs)        00000C
_PORTCbits                                     (abs)        00000E
_PR2                                           (abs)        00001E
_PR4                                           (abs)        000416
_PR6                                           (abs)        00041D
_PWM5CON                                       (abs)        000619
_PWM5DCH                                       (abs)        000618
_PWM5DCL                                       (abs)        000617
_PWM5_Initialize                               text27       002B0E
_PWM6CON                                       (abs)        00061C
_PWM6DCH                                       (abs)        00061B
_PWM6DCL                                       (abs)        00061A
_PWM6_Initialize                               text26       002B1A
_PWMTMRSbits                                   (abs)        00061F
_RB4PPS                                        (abs)        000E9C
_RB6PPS                                        (abs)        000E9E
_RC3PPS                                        (abs)        000EA3
_RC4PPS                                        (abs)        000EA4
_RC5PPS                                        (abs)        000EA5
_SECONDS_REG                                   bssCOMMON    00007B
_SLRCONA                                       (abs)        00030C
_SLRCONB                                       (abs)        00030D
_SLRCONC                                       (abs)        00030E
_SSP1ADD                                       (abs)        000212
_SSP1BUF                                       (abs)        000211
_SSP1CLKPPS                                    (abs)        000E20
_SSP1CON1                                      (abs)        000215
_SSP1CON1bits                                  (abs)        000215
_SSP1CON2                                      (abs)        000216
_SSP1CON2bits                                  (abs)        000216
_SSP1CON3                                      (abs)        000217
_SSP1DATPPS                                    (abs)        000E21
_SSP1STAT                                      (abs)        000214
_SSP1STATbits                                  (abs)        000214
_SYSTEM_Initialize                             text19       002B99
_T2CON                                         (abs)        00001F
_T2CONbits                                     (abs)        00001F
_T4CON                                         (abs)        000417
_T4CONbits                                     (abs)        000417
_T6CON                                         (abs)        00041E
_T6CONbits                                     (abs)        00041E
_TMR2                                          (abs)        00001D
_TMR2_DefaultOverflowCallback                  (abs)        000000
_TMR2_Initialize                               text24       002B26
_TMR2_OverflowCallback                         bssCOMMON    000077
_TMR2_OverflowCallbackRegister                 text25       002ADA
_TMR2_PeriodCountSet                           text18       002ACB
_TMR2_Start                                    text17       002AA9
_TMR2_Stop                                     text16       002AAC
_TMR4                                          (abs)        000415
_TMR4_DefaultOverflowCallback                  (abs)        000000
_TMR4_Initialize                               text22       002B46
_TMR4_OverflowCallback                         bssBANK0     00006A
_TMR4_OverflowCallbackRegister                 text23       002AEF
_TMR4_PeriodCountSet                           text15       002AD0
_TMR4_Start                                    text14       002AAF
_TMR4_Stop                                     text13       002AB2
_TMR6                                          (abs)        00041C
_TMR6_DefaultOverflowCallback                  (abs)        000000
_TMR6_Initialize                               text20       002B58
_TMR6_OverflowCallback                         bssBANK0     000068
_TMR6_OverflowCallbackRegister                 text21       002000
_TMR6_PeriodCountSet                           text12       002AD5
_TMR6_Start                                    text11       002AB5
_TMR6_Stop                                     text10       002AB8
_TRISA                                         (abs)        00008C
_TRISB                                         (abs)        00008D
_TRISC                                         (abs)        00008E
_WPUA                                          (abs)        00020C
_WPUB                                          (abs)        00020D
_WPUC                                          (abs)        00020E
__H__absolute__                                __absolute__ 000000
__Habs1                                        abs1         000000
__Hbank0                                       bank0        000000
__Hbank1                                       bank1        000000
__Hbank10                                      bank10       000000
__Hbank11                                      bank11       000000
__Hbank12                                      bank12       000000
__Hbank13                                      bank13       000000
__Hbank14                                      bank14       000000
__Hbank15                                      bank15       000000
__Hbank16                                      bank16       000000
__Hbank17                                      bank17       000000
__Hbank18                                      bank18       000000
__Hbank19                                      bank19       000000
__Hbank2                                       bank2        000000
__Hbank20                                      bank20       000000
__Hbank21                                      bank21       000000
__Hbank22                                      bank22       000000
__Hbank23                                      bank23       000000
__Hbank24                                      bank24       000000
__Hbank25                                      bank25       000000
__Hbank26                                      bank26       000000
__Hbank27                                      bank27       000000
__Hbank28                                      bank28       000000
__Hbank29                                      bank29       000000
__Hbank3                                       bank3        000000
__Hbank30                                      bank30       000000
__Hbank31                                      bank31       000000
__Hbank4                                       bank4        000000
__Hbank5                                       bank5        000000
__Hbank6                                       bank6        000000
__Hbank7                                       bank7        000000
__Hbank8                                       bank8        000000
__Hbank9                                       bank9        000000
__Hbigram                                      bigram       000000
__HbssBANK0                                    bssBANK0     000000
__HbssBANK3                                    bssBANK3     000000
__HbssCOMMON                                   bssCOMMON    000000
__Hcinit                                       cinit        000138
__Hclrtext                                     clrtext      000000
__Hcode                                        code         000000
__Hcommon                                      common       000000
__Hconfig                                      config       00800B
__HcstackBANK0                                 cstackBANK0  000000
__HcstackBANK1                                 cstackBANK1  000000
__HcstackBANK2                                 cstackBANK2  000000
__HcstackCOMMON                                cstackCOMMON 000000
__HdataBANK0                                   dataBANK0    000000
__HdataBANK3                                   dataBANK3    000000
__HdataBANK4                                   dataBANK4    000000
__HdataBANK5                                   dataBANK5    000000
__HdataBANK6                                   dataBANK6    000000
__HdataBANK7                                   dataBANK7    000000
__HdataBANK8                                   dataBANK8    000000
__HdataCOMMON                                  dataCOMMON   000000
__HdataEEDATA                                  dataEEDATA   000000
__Heeprom_data                                 eeprom_data  000000
__Hend_init                                    end_init     0000CB
__Hfunctab                                     functab      000000
__Hheap                                        heap         000000
__HidataBANK0                                  idataBANK0   000000
__HidataBANK3                                  idataBANK3   000000
__HidataBANK4                                  idataBANK4   000000
__HidataBANK5                                  idataBANK5   000000
__HidataBANK6                                  idataBANK6   000000
__HidataBANK7                                  idataBANK7   000000
__HidataBANK8                                  idataBANK8   000000
__HidataCOMMON                                 idataCOMMON  000000
__HidataEEDATA                                 idataEEDATA  000000
__Hinit                                        init         0000C9
__Hinittext                                    inittext     000000
__Hintentry                                    intentry     0000C9
__Hmaintext                                    maintext     000000
__Hpowerup                                     powerup      000000
__Hram                                         ram          000000
__Hreset_vec                                   reset_vec    000002
__Hsfr0                                        sfr0         000000
__Hsfr1                                        sfr1         000000
__Hsfr10                                       sfr10        000000
__Hsfr11                                       sfr11        000000
__Hsfr12                                       sfr12        000000
__Hsfr13                                       sfr13        000000
__Hsfr14                                       sfr14        000000
__Hsfr15                                       sfr15        000000
__Hsfr16                                       sfr16        000000
__Hsfr17                                       sfr17        000000
__Hsfr18                                       sfr18        000000
__Hsfr19                                       sfr19        000000
__Hsfr2                                        sfr2         000000
__Hsfr20                                       sfr20        000000
__Hsfr21                                       sfr21        000000
__Hsfr22                                       sfr22        000000
__Hsfr23                                       sfr23        000000
__Hsfr24                                       sfr24        000000
__Hsfr25                                       sfr25        000000
__Hsfr26                                       sfr26        000000
__Hsfr27                                       sfr27        000000
__Hsfr28                                       sfr28        000000
__Hsfr29                                       sfr29        000000
__Hsfr3                                        sfr3         000000
__Hsfr30                                       sfr30        000000
__Hsfr31                                       sfr31        000000
__Hsfr4                                        sfr4         000000
__Hsfr5                                        sfr5         000000
__Hsfr6                                        sfr6         000000
__Hsfr7                                        sfr7         000000
__Hsfr8                                        sfr8         000000
__Hsfr9                                        sfr9         000000
__Hsivt                                        sivt         0000C9
__Hspace_0                                     (abs)        003038
__Hspace_1                                     (abs)        000438
__Hspace_2                                     (abs)        000000
__Hspace_3                                     (abs)        000001
__Hspace_4                                     (abs)        010012
__Hstack                                       stack        000000
__Hstrings                                     strings      000000
__Hstringtext1                                 stringtext1  000000
__Hstringtext10                                stringtext10 000000
__Hstringtext11                                stringtext11 000000
__Hstringtext2                                 stringtext2  000000
__Hstringtext3                                 stringtext3  000000
__Hstringtext4                                 stringtext4  000000
__Hstringtext5                                 stringtext5  000000
__Hstringtext6                                 stringtext6  000000
__Hstringtext7                                 stringtext7  000000
__Hstringtext8                                 stringtext8  000000
__Hstringtext9                                 stringtext9  000000
__Htext                                        text         000000
__L__absolute__                                __absolute__ 000000
__Labs1                                        abs1         000000
__Lbank0                                       bank0        000000
__Lbank1                                       bank1        000000
__Lbank10                                      bank10       000000
__Lbank11                                      bank11       000000
__Lbank12                                      bank12       000000
__Lbank13                                      bank13       000000
__Lbank14                                      bank14       000000
__Lbank15                                      bank15       000000
__Lbank16                                      bank16       000000
__Lbank17                                      bank17       000000
__Lbank18                                      bank18       000000
__Lbank19                                      bank19       000000
__Lbank2                                       bank2        000000
__Lbank20                                      bank20       000000
__Lbank21                                      bank21       000000
__Lbank22                                      bank22       000000
__Lbank23                                      bank23       000000
__Lbank24                                      bank24       000000
__Lbank25                                      bank25       000000
__Lbank26                                      bank26       000000
__Lbank27                                      bank27       000000
__Lbank28                                      bank28       000000
__Lbank29                                      bank29       000000
__Lbank3                                       bank3        000000
__Lbank30                                      bank30       000000
__Lbank31                                      bank31       000000
__Lbank4                                       bank4        000000
__Lbank5                                       bank5        000000
__Lbank6                                       bank6        000000
__Lbank7                                       bank7        000000
__Lbank8                                       bank8        000000
__Lbank9                                       bank9        000000
__Lbigram                                      bigram       000000
__LbssBANK0                                    bssBANK0     000000
__LbssBANK3                                    bssBANK3     000000
__LbssCOMMON                                   bssCOMMON    000000
__Lcinit                                       cinit        0000CB
__Lclrtext                                     clrtext      000000
__Lcode                                        code         000000
__Lcommon                                      common       000000
__Lconfig                                      config       000000
__LcstackBANK0                                 cstackBANK0  000000
__LcstackBANK1                                 cstackBANK1  000000
__LcstackBANK2                                 cstackBANK2  000000
__LcstackCOMMON                                cstackCOMMON 000000
__LdataBANK0                                   dataBANK0    000000
__LdataBANK3                                   dataBANK3    000000
__LdataBANK4                                   dataBANK4    000000
__LdataBANK5                                   dataBANK5    000000
__LdataBANK6                                   dataBANK6    000000
__LdataBANK7                                   dataBANK7    000000
__LdataBANK8                                   dataBANK8    000000
__LdataCOMMON                                  dataCOMMON   000000
__LdataEEDATA                                  dataEEDATA   000000
__Leeprom_data                                 eeprom_data  000000
__Lend_init                                    end_init     0000C9
__Lfunctab                                     functab      000000
__Lheap                                        heap         000000
__LidataBANK0                                  idataBANK0   000000
__LidataBANK3                                  idataBANK3   000000
__LidataBANK4                                  idataBANK4   000000
__LidataBANK5                                  idataBANK5   000000
__LidataBANK6                                  idataBANK6   000000
__LidataBANK7                                  idataBANK7   000000
__LidataBANK8                                  idataBANK8   000000
__LidataCOMMON                                 idataCOMMON  000000
__LidataEEDATA                                 idataEEDATA  000000
__Linit                                        init         0000C9
__Linittext                                    inittext     000000
__Lintentry                                    intentry     000004
__Lmaintext                                    maintext     000000
__Lpowerup                                     powerup      000000
__Lram                                         ram          000000
__Lreset_vec                                   reset_vec    000000
__Lsfr0                                        sfr0         000000
__Lsfr1                                        sfr1         000000
__Lsfr10                                       sfr10        000000
__Lsfr11                                       sfr11        000000
__Lsfr12                                       sfr12        000000
__Lsfr13                                       sfr13        000000
__Lsfr14                                       sfr14        000000
__Lsfr15                                       sfr15        000000
__Lsfr16                                       sfr16        000000
__Lsfr17                                       sfr17        000000
__Lsfr18                                       sfr18        000000
__Lsfr19                                       sfr19        000000
__Lsfr2                                        sfr2         000000
__Lsfr20                                       sfr20        000000
__Lsfr21                                       sfr21        000000
__Lsfr22                                       sfr22        000000
__Lsfr23                                       sfr23        000000
__Lsfr24                                       sfr24        000000
__Lsfr25                                       sfr25        000000
__Lsfr26                                       sfr26        000000
__Lsfr27                                       sfr27        000000
__Lsfr28                                       sfr28        000000
__Lsfr29                                       sfr29        000000
__Lsfr3                                        sfr3         000000
__Lsfr30                                       sfr30        000000
__Lsfr31                                       sfr31        000000
__Lsfr4                                        sfr4         000000
__Lsfr5                                        sfr5         000000
__Lsfr6                                        sfr6         000000
__Lsfr7                                        sfr7         000000
__Lsfr8                                        sfr8         000000
__Lsfr9                                        sfr9         000000
__Lsivt                                        sivt         0000C9
__Lspace_0                                     (abs)        000000
__Lspace_1                                     (abs)        000000
__Lspace_2                                     (abs)        000000
__Lspace_3                                     (abs)        000000
__Lspace_4                                     (abs)        000000
__Lstack                                       stack        000000
__Lstrings                                     strings      000000
__Lstringtext1                                 stringtext1  000000
__Lstringtext10                                stringtext10 000000
__Lstringtext11                                stringtext11 000000
__Lstringtext2                                 stringtext2  000000
__Lstringtext3                                 stringtext3  000000
__Lstringtext4                                 stringtext4  000000
__Lstringtext5                                 stringtext5  000000
__Lstringtext6                                 stringtext6  000000
__Lstringtext7                                 stringtext7  000000
__Lstringtext8                                 stringtext8  000000
__Lstringtext9                                 stringtext9  000000
__Ltext                                        text         000000
__S0                                           (abs)        003038
__S1                                           (abs)        000438
__S3                                           (abs)        00F001
___heap_hi                                     (abs)        000000
___heap_lo                                     (abs)        000000
___int_sp                                      stack        000000
___int_stack_hi                                stack        000000
___int_stack_lo                                stack        000000
___latbits                                     (abs)        000003
___sp                                          stack        000000
___stack_hi                                    stack        000000
___stack_lo                                    stack        000000
___stackhi                                     (abs)        000000
___stacklo                                     (abs)        000000
__end_of_CCP1_Initialize                       text33       002AEF
__end_of_CLOCK_Initialize                      text32       002B02
__end_of_I2C1_CallbackRegister                 text31       002B0E
__end_of_I2C1_Host                             stringtext1  003014
__end_of_I2C1_Initialize                       text29       002B81
__end_of_I2C1_InterruptsEnable                 text30       002ACB
__end_of_ISR                                   intentry     0000C9
__end_of_PIN_MANAGER_Initialize                text28       002DF1
__end_of_PWM5_Initialize                       text27       002B1A
__end_of_PWM6_Initialize                       text26       002B26
__end_of_SYSTEM_Initialize                     text19       002BB5
__end_of_TMR2_Initialize                       text24       002B36
__end_of_TMR2_OverflowCallbackRegister         text25       002AE0
__end_of_TMR2_PeriodCountSet                   text18       002AD0
__end_of_TMR2_Start                            text17       002AAC
__end_of_TMR2_Stop                             text16       002AAF
__end_of_TMR4_Initialize                       text22       002B58
__end_of_TMR4_OverflowCallbackRegister         text23       002AF8
__end_of_TMR4_PeriodCountSet                   text15       002AD5
__end_of_TMR4_Start                            text14       002AB2
__end_of_TMR4_Stop                             text13       002AB5
__end_of_TMR6_Initialize                       text20       002B6A
__end_of_TMR6_OverflowCallbackRegister         text21       002009
__end_of_TMR6_PeriodCountSet                   text12       002ADA
__end_of_TMR6_Start                            text11       002AB8
__end_of_TMR6_Stop                             text10       002ABB
__end_of__initialization                       cinit        000134
__end_of_fastHH                                text9        002BFD
__end_of_fastLH                                text8        002C57
__end_of_i2c1_eventTable                       stringtext2  003026
__end_of_main                                  maintext     002B46
__end_of_playHH                                text7        001826
__end_of_playLDrum                             text6        000777
__end_of_playTheme1                            text5_split_18 001800
__end_of_playTheme2                            text1        0006BD
__end_of_playTheme2Part1                       text4        001CDB
__end_of_playTheme2Part2                       text3        002000
__end_of_playTheme2Part3                       text2        002800
__end_ofi1_TMR2_PeriodCountSet                 text48       002ABF
__end_ofi1_TMR2_Start                          text47       002A9A
__end_ofi1_TMR2_Stop                           text46       002A9D
__end_ofi1_TMR4_PeriodCountSet                 text45       002AC3
__end_ofi1_TMR4_Start                          text44       002AA0
__end_ofi1_TMR4_Stop                           text43       002AA3
__end_ofi1_TMR6_PeriodCountSet                 text42       002AC7
__end_ofi1_TMR6_Start                          text41       002AA6
__end_ofi1_TMR6_Stop                           text40       002AA9
__end_ofi1_fastHH                              text39       002BD7
__end_ofi1_fastLH                              text38       002C28
__end_ofi1_playHH                              text37       001022
__end_ofi1_playLDrum                           text36       0019F8
__end_ofi1_playTheme1                          text35_split_16 001000
__end_ofplayTheme1@drumdelay                   stringtext11 003038
__end_ofplayTheme1@tempo                       stringtext6  00302E
__end_ofplayTheme2@tempo                       stringtext7  003030
__end_ofplayTheme2Part1@drumdelay              stringtext5  00302C
__end_ofplayTheme2Part1@tempo                  stringtext10 003036
__end_ofplayTheme2Part2@drumdelay              stringtext4  00302A
__end_ofplayTheme2Part2@tempo                  stringtext9  003034
__end_ofplayTheme2Part3@drumdelay              stringtext3  003028
__end_ofplayTheme2Part3@tempo                  stringtext8  003032
__initialization                               cinit        0000CB
__pbssBANK0                                    bssBANK0     000068
__pbssBANK3                                    bssBANK3     0001D0
__pbssCOMMON                                   bssCOMMON    000077
__pcstackBANK0                                 cstackBANK0  000020
__pcstackBANK1                                 cstackBANK1  0000A0
__pcstackBANK2                                 cstackBANK2  000120
__pcstackCOMMON                                cstackCOMMON 000070
__pdataBANK0                                   dataBANK0    00006C
__pdataBANK3                                   dataBANK3    0001A0
__pdataBANK4                                   dataBANK4    000220
__pdataBANK5                                   dataBANK5    0002A0
__pdataBANK6                                   dataBANK6    000320
__pdataBANK7                                   dataBANK7    0003A0
__pdataBANK8                                   dataBANK8    000420
__pdataCOMMON                                  dataCOMMON   00007C
__pdataEEDATA                                  dataEEDATA   000000
__pidataBANK0                                  idataBANK0   000800
__pidataBANK3                                  idataBANK3   002C57
__pidataBANK4                                  idataBANK4   002D5F
__pidataBANK5                                  idataBANK5   002D17
__pidataBANK6                                  idataBANK6   002CCF
__pidataBANK7                                  idataBANK7   002C87
__pidataBANK8                                  idataBANK8   002B81
__pidataCOMMON                                 idataCOMMON  000002
__pidataEEDATA                                 idataEEDATA  000000
__pintentry                                    intentry     000004
__pmaintext                                    maintext     002B36
__pstringtext1                                 stringtext1  003000
__pstringtext10                                stringtext10 003034
__pstringtext11                                stringtext11 003036
__pstringtext2                                 stringtext2  003014
__pstringtext3                                 stringtext3  003026
__pstringtext4                                 stringtext4  003028
__pstringtext5                                 stringtext5  00302A
__pstringtext6                                 stringtext6  00302C
__pstringtext7                                 stringtext7  00302E
__pstringtext8                                 stringtext8  003030
__pstringtext9                                 stringtext9  003032
__ptext1                                       text1        000138
__ptext10                                      text10       002AB8
__ptext11                                      text11       002AB5
__ptext12                                      text12       002AD5
__ptext13                                      text13       002AB2
__ptext14                                      text14       002AAF
__ptext15                                      text15       002AD0
__ptext16                                      text16       002AAC
__ptext17                                      text17       002AA9
__ptext18                                      text18       002ACB
__ptext19                                      text19       002B99
__ptext2                                       text2        0025E1
__ptext20                                      text20       002B58
__ptext21                                      text21       002000
__ptext22                                      text22       002B46
__ptext23                                      text23       002AEF
__ptext24                                      text24       002B26
__ptext25                                      text25       002ADA
__ptext26                                      text26       002B1A
__ptext27                                      text27       002B0E
__ptext28                                      text28       002DA7
__ptext29                                      text29       002B6A
__ptext3                                       text3        001CDB
__ptext30                                      text30       002AC7
__ptext31                                      text31       002B02
__ptext32                                      text32       002AF8
__ptext33                                      text33       002AE6
__ptext35                                      text35       002009
__ptext36                                      text36       00194E
__ptext37                                      text37       001000
__ptext38                                      text38       002BFD
__ptext39                                      text39       002BB5
__ptext4                                       text4        0019F8
__ptext40                                      text40       002AA6
__ptext41                                      text41       002AA3
__ptext42                                      text42       002AC3
__ptext43                                      text43       002AA0
__ptext44                                      text44       002A9D
__ptext45                                      text45       002ABF
__ptext46                                      text46       002A9A
__ptext47                                      text47       002A97
__ptext48                                      text48       002ABB
__ptext5                                       text5        00208D
__ptext6                                       text6        0006BD
__ptext7                                       text7        001800
__ptext8                                       text8        002C28
__ptext9                                       text9        002BD7
_alarm                                         idataEEDATA  000000
_fastHH                                        text9        002BD7
_fastLH                                        text8        002C28
_i2c1Status                                    bssBANK3     0001E4
_i2c1_eventTable                               stringtext2  003014
_main                                          maintext     002B36
_playHH                                        text7        001800
_playLDrum                                     text6        0006BD
_playTheme1                                    text5        00208D
_playTheme2                                    text1        000138
_playTheme2Part1                               text4        0019F8
_playTheme2Part2                               text3        001CDB
_playTheme2Part3                               text2        0025E1
btemp                                          (abs)        00007E
clear_ram0                                     clrtext      002AE0
end_of_initialization                          cinit        000134
fastHH@i                                       cstackBANK1  0000A3
fastLH@i                                       cstackBANK1  0000A3
i1TMR2_PeriodCountSet@periodVal                cstackCOMMON 000070
i1TMR4_PeriodCountSet@periodVal                cstackCOMMON 000070
i1TMR6_PeriodCountSet@periodVal                cstackCOMMON 000070
i1_TMR2_PeriodCountSet                         text48       002ABB
i1_TMR2_Start                                  text47       002A97
i1_TMR2_Stop                                   text46       002A9A
i1_TMR4_PeriodCountSet                         text45       002ABF
i1_TMR4_Start                                  text44       002A9D
i1_TMR4_Stop                                   text43       002AA0
i1_TMR6_PeriodCountSet                         text42       002AC3
i1_TMR6_Start                                  text41       002AA3
i1_TMR6_Stop                                   text40       002AA6
i1_fastHH                                      text39       002BB5
i1_fastLH                                      text38       002BFD
i1_playHH                                      text37       001000
i1_playLDrum                                   text36       00194E
i1_playTheme1                                  text35       002009
i1fastHH@i                                     cstackCOMMON 000073
i1fastLH@i                                     cstackCOMMON 000073
i1playHH@i                                     cstackCOMMON 000073
i1playLDrum@i                                  cstackCOMMON 000073
i1playTheme1@o1                                cstackBANK0  000050
i1playTheme1@o2                                cstackBANK0  000038
i1playTheme1@o3                                cstackBANK0  000020
init_ram                                       inittext     000802
int$flags                                      (abs)        00007E
intlevel0                                      functab      000000
intlevel1                                      functab      000000
intlevel2                                      functab      000000
intlevel3                                      functab      000000
intlevel4                                      functab      000000
intlevel5                                      functab      000000
playHH@i                                       cstackBANK1  0000A3
playLDrum@i                                    cstackBANK1  0000A3
playTheme1@F7155                               dataBANK3    0001B8
playTheme1@F7157                               dataBANK3    0001A0
playTheme1@F7159                               dataBANK4    000250
playTheme1@o1                                  cstackBANK1  0000D7
playTheme1@o2                                  cstackBANK1  0000BF
playTheme1@o3                                  cstackBANK1  0000A7
playTheme2@F7191                               dataBANK7    0003B8
playTheme2@F7193                               dataBANK7    0003A0
playTheme2@F7195                               dataBANK8    000420
playTheme2@o1                                  cstackBANK2  000138
playTheme2@o2                                  cstackBANK2  000150
playTheme2@o3                                  cstackBANK2  000120
playTheme2Part1@F7164                          dataBANK4    000238
playTheme2Part1@F7166                          dataBANK4    000220
playTheme2Part1@F7168                          dataBANK5    0002D0
playTheme2Part1@o1                             cstackBANK1  0000BC
playTheme2Part1@o2                             cstackBANK1  0000D4
playTheme2Part1@o3                             cstackBANK1  0000A4
playTheme2Part2@F7173                          dataBANK5    0002B8
playTheme2Part2@F7175                          dataBANK5    0002A0
playTheme2Part2@F7177                          dataBANK6    000350
playTheme2Part2@o1                             cstackBANK1  0000BC
playTheme2Part2@o2                             cstackBANK1  0000D4
playTheme2Part2@o3                             cstackBANK1  0000A4
playTheme2Part3@F7182                          dataBANK6    000338
playTheme2Part3@F7184                          dataBANK6    000320
playTheme2Part3@F7186                          dataBANK7    0003D0
playTheme2Part3@o1                             cstackBANK1  0000D4
playTheme2Part3@o2                             cstackBANK1  0000BC
playTheme2Part3@o3                             cstackBANK1  0000A4
pnum$text35                                    (abs)        00004C
pnum$text35_split_10                           (abs)        000064
pnum$text35_split_12                           (abs)        000066
pnum$text35_split_14                           (abs)        000068
pnum$text35_split_16                           (abs)        00006A
pnum$text35_split_2                            (abs)        00005C
pnum$text35_split_4                            (abs)        00005E
pnum$text35_split_6                            (abs)        000060
pnum$text35_split_8                            (abs)        000062
pnum$text5                                     (abs)        00002E
pnum$text5_split_1                             (abs)        00005B
pnum$text5_split_11                            (abs)        000065
pnum$text5_split_13                            (abs)        000067
pnum$text5_split_15                            (abs)        000069
pnum$text5_split_17                            (abs)        00006B
pnum$text5_split_18                            (abs)        00006C
pnum$text5_split_3                             (abs)        00005D
pnum$text5_split_5                             (abs)        00005F
pnum$text5_split_7                             (abs)        000061
pnum$text5_split_9                             (abs)        000063
psplit$0                                       (abs)        2E005B
psplit$1                                       (abs)        4C005C
psplit$10                                      (abs)        630065
psplit$11                                      (abs)        640066
psplit$12                                      (abs)        650067
psplit$13                                      (abs)        660068
psplit$14                                      (abs)        670069
psplit$15                                      (abs)        68006A
psplit$16                                      (abs)        69006B
psplit$17                                      (abs)        6B006C
psplit$2                                       (abs)        5B005D
psplit$3                                       (abs)        5C005E
psplit$4                                       (abs)        5D005F
psplit$5                                       (abs)        5E0060
psplit$6                                       (abs)        5F0061
psplit$7                                       (abs)        600062
psplit$8                                       (abs)        610063
psplit$9                                       (abs)        620064
reset_vec                                      reset_vec    000000
start                                          init         0000C9
start_initialization                           cinit        0000CB
wtemp0                                         (abs)        00007E


MODULE INFORMATION

Module		Function		Class		Link	Load	Size
mcc_generated_files/i2c_host/src/mssp1.c
		_I2C1_CallbackRegister		CODE           	2B02	0000	12
		_I2C1_InterruptsEnable		CODE           	2AC7	0000	4
		_I2C1_Initialize		CODE           	2B6A	0000	23

mcc_generated_files/i2c_host/src/mssp1.c estimated size: 39

mcc_generated_files/pwm/src/pwm5.c
		_PWM5_Initialize		CODE           	2B0E	0000	12

mcc_generated_files/pwm/src/pwm5.c estimated size: 12

mcc_generated_files/system/src/pins.c
		_PIN_MANAGER_Initialize		CODE           	2DA7	0000	74

mcc_generated_files/system/src/pins.c estimated size: 74

shared
		playTheme1@drumdelay		STRCODE        	0000	0000	0
		i1_TMR6_Start  		CODE           	2AA3	0000	3
		playTheme1@tempo		STRCODE        	0000	0000	0
		playTheme2@tempo		STRCODE        	0000	0000	0
		playTheme2Part1@tempo		STRCODE        	0000	0000	0
		playTheme2Part2@tempo		STRCODE        	0000	0000	0
		playTheme2Part3@tempo		STRCODE        	0000	0000	0
		i1_TMR4_Stop   		CODE           	2AA0	0000	3
		i1_TMR4_PeriodCountSet		CODE           	2ABF	0000	4
		i1_TMR4_Start  		CODE           	2A9D	0000	3
		i1_fastLH      		CODE           	2BFD	0000	43
		i1_playLDrum   		CODE           	194E	0000	170
		__initialization		CODE           	00CB	0000	105
		_I2C1_Host     		STRCODE        	0000	0000	0
		_i2c1_eventTable		STRCODE        	3014	0000	18
		i1_TMR2_Stop   		CODE           	2A9A	0000	3
		i1_TMR2_PeriodCountSet		CODE           	2ABB	0000	4
		i1_fastHH      		CODE           	2BB5	0000	34
		i1_playHH      		CODE           	1000	0000	34
		i1_TMR2_Start  		CODE           	2A97	0000	3
		playTheme2Part1@drumdelay		STRCODE        	0000	0000	0
		playTheme2Part2@drumdelay		STRCODE        	0000	0000	0
		playTheme2Part3@drumdelay		STRCODE        	0000	0000	0
		i1_playTheme1  		CODE           	2009	0000	3139
		i1_TMR6_Stop   		CODE           	2AA6	0000	3
		i1_TMR6_PeriodCountSet		CODE           	2AC3	0000	4

shared estimated size: 3573

mcc_generated_files/timer/src/tmr6.c
		_TMR6_PeriodCountSet		CODE           	2AD5	0000	5
		_TMR6_Initialize		CODE           	2B58	0000	18
		_TMR6_Stop     		CODE           	2AB8	0000	3
		_TMR6_Start    		CODE           	2AB5	0000	3
		_TMR6_OverflowCallbackRegister		CODE           	2000	0000	9

mcc_generated_files/timer/src/tmr6.c estimated size: 38

mcc_generated_files/timer/src/tmr4.c
		_TMR4_PeriodCountSet		CODE           	2AD0	0000	5
		_TMR4_Initialize		CODE           	2B46	0000	18
		_TMR4_Stop     		CODE           	2AB2	0000	3
		_TMR4_Start    		CODE           	2AAF	0000	3
		_TMR4_OverflowCallbackRegister		CODE           	2AEF	0000	9

mcc_generated_files/timer/src/tmr4.c estimated size: 38

mcc_generated_files/timer/src/tmr2.c
		_TMR2_PeriodCountSet		CODE           	2ACB	0000	5
		_TMR2_Initialize		CODE           	2B26	0000	16
		_TMR2_Stop     		CODE           	2AAC	0000	3
		_TMR2_Start    		CODE           	2AA9	0000	3
		_TMR2_OverflowCallbackRegister		CODE           	2ADA	0000	6

mcc_generated_files/timer/src/tmr2.c estimated size: 33

mcc_generated_files/system/src/clock.c
		_CLOCK_Initialize		CODE           	2AF8	0000	10

mcc_generated_files/system/src/clock.c estimated size: 10

mcc_generated_files/pwm/src/ccp1.c
		_CCP1_Initialize		CODE           	2AE6	0000	9

mcc_generated_files/pwm/src/ccp1.c estimated size: 9

main.c
		_fastLH        		CODE           	2C28	0000	47
		_playLDrum     		CODE           	06BD	0000	186
		_ISR           		CODE           	0004	0000	197
		_main          		CODE           	2B36	0000	16
		_playTheme2Part1		CODE           	19F8	0000	739
		_playTheme2Part2		CODE           	1CDB	0000	805
		_playTheme2Part3		CODE           	25E1	0000	543
		_fastHH        		CODE           	2BD7	0000	38
		_playHH        		CODE           	1800	0000	38
		_playTheme1    		CODE           	208D	0000	3371
		_playTheme2    		CODE           	0138	0000	1413

main.c estimated size: 7393

mcc_generated_files/system/src/system.c
		_SYSTEM_Initialize		CODE           	2B99	0000	28

mcc_generated_files/system/src/system.c estimated size: 28

mcc_generated_files/pwm/src/pwm6.c
		_PWM6_Initialize		CODE           	2B1A	0000	12

mcc_generated_files/pwm/src/pwm6.c estimated size: 12

