Microchip MPLAB XC8 Compiler V2.46

Linker command line:

-W-3 \
  --edf=C:/Program Files/Microchip/MPLABX/v6.20/packs/Microchip/PIC16F1xxxx_DFP/1.24.387/xc8\pic\dat\20240111205957_en.msgs \
  -cn -h+dist/default/production\DMClock.X.production.sym \
  --cmf=dist/default/production\DMClock.X.production.cmf -z -Q16F18346 \
  -oC:\Users\12243\AppData\Local\Temp\xcCs6m0.2\driver_tmp_3.o \
  --defsym=__MPLAB_BUILD=1 --fixupoverflow=error \
  -Mdist/default/production/DMClock.X.production.map \
  --md=C:\Users\12243\AppData\Local\Temp\xcCs6m0.2\driver_tmp_0.dat -E1 \
  -ver=XC8 Compiler --acfsm=1493 -ACODE=00h-07FFhx8 -ASTRCODE=00h-03FFFh \
  -ASTRING=00h-0FFhx64 -ACONST=00h-0FFhx64 -AENTRY=00h-0FFhx64 \
  -ACOMMON=070h-07Fh -ABANK0=020h-06Fh -ABANK1=0A0h-0EFh \
  -ABANK2=0120h-016Fh -ABANK3=01A0h-01EFh -ABANK4=0220h-026Fh \
  -ABANK5=02A0h-02EFh -ABANK6=0320h-036Fh -ABANK7=03A0h-03EFh \
  -ABANK8=0420h-046Fh -ABANK9=04A0h-04EFh -ABANK10=0520h-056Fh \
  -ABANK11=05A0h-05EFh -ABANK12=0620h-066Fh -ABANK13=06A0h-06EFh \
  -ABANK14=0720h-076Fh -ABANK15=07A0h-07EFh -ABANK16=0820h-086Fh \
  -ABANK17=08A0h-08EFh -ABANK18=0920h-096Fh -ABANK19=09A0h-09EFh \
  -ABANK20=0A20h-0A6Fh -ABANK21=0AA0h-0AEFh -ABANK22=0B20h-0B6Fh \
  -ABANK23=0BA0h-0BEFh -ABANK24=0C20h-0C6Fh -ABANK25=0CA0h-0CBFh \
  -ABIGRAM=02000h-027EFh \
  -ARAM=020h-06Fh,0A0h-0EFh,0120h-016Fh,01A0h-01EFh,0220h-026Fh,02A0h-02EFh,0320h-036Fh,03A0h-03EFh,0420h-046Fh,04A0h-04EFh,0520h-056Fh,05A0h-05EFh,0620h-066Fh,06A0h-06EFh,0720h-076Fh,07A0h-07EFh,0820h-086Fh,08A0h-08EFh,0920h-096Fh,09A0h-09EFh,0A20h-0A6Fh,0AA0h-0AEFh,0B20h-0B6Fh,0BA0h-0BEFh,0C20h-0C6Fh,0CA0h-0CBFh \
  -AABS1=020h-07Fh,0A0h-0EFh,0120h-016Fh,01A0h-01EFh,0220h-026Fh,02A0h-02EFh,0320h-036Fh,03A0h-03EFh,0420h-046Fh,04A0h-04EFh,0520h-056Fh,05A0h-05EFh,0620h-066Fh,06A0h-06EFh,0720h-076Fh,07A0h-07EFh,0820h-086Fh,08A0h-08EFh,0920h-096Fh,09A0h-09EFh,0A20h-0A6Fh,0AA0h-0AEFh,0B20h-0B6Fh,0BA0h-0BEFh,0C20h-0C6Fh,0CA0h-0CBFh \
  -ASFR0=00h-01Fh -ASFR1=080h-09Fh -ASFR2=0100h-011Fh -ASFR3=0180h-019Fh \
  -ASFR4=0200h-021Fh -ASFR5=0280h-029Fh -ASFR6=0300h-031Fh \
  -ASFR7=0380h-039Fh -ASFR8=0400h-041Fh -ASFR9=0480h-049Fh \
  -ASFR10=0500h-051Fh -ASFR11=0580h-059Fh -ASFR12=0600h-061Fh \
  -ASFR13=0680h-069Fh -ASFR14=0700h-071Fh -ASFR15=0780h-079Fh \
  -ASFR16=0800h-081Fh -ASFR17=0880h-089Fh -ASFR18=0900h-091Fh \
  -ASFR19=0980h-099Fh -ASFR20=0A00h-0A1Fh -ASFR21=0A80h-0A9Fh \
  -ASFR22=0B00h-0B1Fh -ASFR23=0B80h-0B9Fh -ASFR24=0C00h-0C1Fh \
  -ASFR25=0C80h-0C9Fh -ASFR26=0D00h-0D6Fh -ASFR27=0D80h-0DEFh \
  -ASFR28=0E00h-0E6Fh -ASFR29=0E80h-0EEFh -ASFR30=0F00h-0F6Fh \
  -ASFR31=0F80h-0FEFh -ACONFIG=08007h-0800Ah -DCONFIG=2 \
  -AIDLOC=08000h-08003h -DIDLOC=2 -AEEDATA=00h-0FFh/0F000h \
  -peeprom_data=EEDATA -DEEDATA=2 -DCODE=2 -DSTRCODE=2 -DSTRING=2 -DCONST=2 \
  -DENTRY=2 -preset_vec=00h,intentry=04h,sivt,init,end_init -ppowerup=CODE \
  -pcinit=CODE -pfunctab=ENTRY -k \
  C:\Users\12243\AppData\Local\Temp\xcCs6m0.2\driver_tmp_15.o \
  dist/default/production\DMClock.X.production.o 

Object code version is 3.11

Machine type is 16F18346



                Name                               Link     Load   Length Selector   Space Scale
C:\Users\12243\AppData\Local\Temp\xcCs6m0.2\driver_tmp_15.o
                end_init                             C6       C6        2        8       0
                reset_vec                             0        0        2        0       0
                config                             8007     8007        4        0       4
dist/default/production\DMClock.X.production.o
                cinit                                C8       C8       2C        8       0
                intentry                              4        4       C2        8       0
                config                             8007     8007        4        0       4
                text30                              57C      57C       10      AB4       0
                text29                              617      617        3      AB4       0
                text28                              5D1      5D1        7      AB4       0
                text27                              4A5      4A5       23        8       0
                text26                              5C8      5C8        9      AB4       0
                text25                              5BE      5BE        A      AB4       0
                text24                              5B3      5B3        B      AB4       0
                text23                              601      601        4      AB4       0
                text22                              51E      51E       16        8       0
                text21                              42B      42B       4A        8       0
                text20                              5A7      5A7        C      AB4       0
                text19                              59B      59B        C      AB4       0
                text18                              5F0      5F0        5      AB4       0
                text17                              58C      58C        F      AB4       0
                text16                              5EA      5EA        6      AB4       0
                text15                              56B      56B       11      AB4       0
                text14                              5E4      5E4        6      AB4       0
                text13                              55A      55A       11      AB4       0
                text12                              4EA      4EA       1C        8       0
                text11                              5FD      5FD        4      AB4       0
                text10                              614      614        3      AB4       0
                text9                               611      611        3      AB4       0
                text8                               5F9      5F9        4      AB4       0
                text7                               60E      60E        3      AB4       0
                text6                               60B      60B        3      AB4       0
                text5                               5F5      5F5        4      AB4       0
                text4                               608      608        3      AB4       0
                text3                               605      605        3      AB4       0
                text2                               4C8      4C8       22        8       0
                text1                               381      381       AA        8       0
                maintext                             F4       F4      28D        8       0
                cstackBANK0                          20       20       4A       20       1
                cstackCOMMON                         70       70        9       70       1
                clrtext                             5DE      5DE        6      AB4       0
                inittext                            5D8      5D8        6      AB4       0
                dataBANK2                           120      120       18      120       1
                dataBANK1                            A0       A0       30       A0       1
                bssBANK1                             D0       D0        D       A0       1
                bssBANK0                             6A       6A        4       20       1
                bssCOMMON                            79       79        4       70       1
                stringtext4                         61C      61C        2      C34       0
                stringtext3                         61A      61A        2      C34       0
                stringtext2                         534      534       14      A68       0
                stringtext1                         548      548       12      A68       0
                idataEEDATA                           0     F000        1    1E000       3
                idataBANK2                          506      506       18        8       0
                idataBANK1                          475      475       30        8       0

TOTAL           Name                               Link     Load   Length     Space
        CLASS   CODE           
                end_init                             C6       C6        2         0
                cinit                                C8       C8       2C         0
                intentry                              4        4       C2         0
                reset_vec                             0        0        2         0
                text30                              57C      57C       10         0
                text29                              617      617        3         0
                text28                              5D1      5D1        7         0
                text27                              4A5      4A5       23         0
                text26                              5C8      5C8        9         0
                text25                              5BE      5BE        A         0
                text24                              5B3      5B3        B         0
                text23                              601      601        4         0
                text22                              51E      51E       16         0
                text21                              42B      42B       4A         0
                text20                              5A7      5A7        C         0
                text19                              59B      59B        C         0
                text18                              5F0      5F0        5         0
                text17                              58C      58C        F         0
                text16                              5EA      5EA        6         0
                text15                              56B      56B       11         0
                text14                              5E4      5E4        6         0
                text13                              55A      55A       11         0
                text12                              4EA      4EA       1C         0
                text11                              5FD      5FD        4         0
                text10                              614      614        3         0
                text9                               611      611        3         0
                text8                               5F9      5F9        4         0
                text7                               60E      60E        3         0
                text6                               60B      60B        3         0
                text5                               5F5      5F5        4         0
                text4                               608      608        3         0
                text3                               605      605        3         0
                text2                               4C8      4C8       22         0
                text1                               381      381       AA         0
                maintext                             F4       F4      28D         0
                clrtext                             5DE      5DE        6         0
                inittext                            5D8      5D8        6         0
                idataBANK2                          506      506       18         0
                idataBANK1                          475      475       30         0

        CLASS   STRCODE        
                stringtext4                         61C      61C        2         0
                stringtext3                         61A      61A        2         0
                stringtext2                         534      534       14         0
                stringtext1                         548      548       12         0

        CLASS   STRING         

        CLASS   CONST          

        CLASS   ENTRY          

        CLASS   COMMON         
                cstackCOMMON                         70       70        9         1
                bssCOMMON                            79       79        4         1

        CLASS   BANK0          
                cstackBANK0                          20       20       4A         1
                bssBANK0                             6A       6A        4         1

        CLASS   BANK1          
                dataBANK1                            A0       A0       30         1
                bssBANK1                             D0       D0        D         1

        CLASS   BANK2          
                dataBANK2                           120      120       18         1

        CLASS   BANK3          

        CLASS   BANK4          

        CLASS   BANK5          

        CLASS   BANK6          

        CLASS   BANK7          

        CLASS   BANK8          

        CLASS   BANK9          

        CLASS   BANK10         

        CLASS   BANK11         

        CLASS   BANK12         

        CLASS   BANK13         

        CLASS   BANK14         

        CLASS   BANK15         

        CLASS   BANK16         

        CLASS   BANK17         

        CLASS   BANK18         

        CLASS   BANK19         

        CLASS   BANK20         

        CLASS   BANK21         

        CLASS   BANK22         

        CLASS   BANK23         

        CLASS   BANK24         

        CLASS   BANK25         

        CLASS   BIGRAM         

        CLASS   RAM            

        CLASS   ABS1           
                abs_s1                               7E       7E        2         1

        CLASS   SFR0           

        CLASS   SFR1           

        CLASS   SFR2           

        CLASS   SFR3           

        CLASS   SFR4           

        CLASS   SFR5           

        CLASS   SFR6           

        CLASS   SFR7           

        CLASS   SFR8           

        CLASS   SFR9           

        CLASS   SFR10          

        CLASS   SFR11          

        CLASS   SFR12          

        CLASS   SFR13          

        CLASS   SFR14          

        CLASS   SFR15          

        CLASS   SFR16          

        CLASS   SFR17          

        CLASS   SFR18          

        CLASS   SFR19          

        CLASS   SFR20          

        CLASS   SFR21          

        CLASS   SFR22          

        CLASS   SFR23          

        CLASS   SFR24          

        CLASS   SFR25          

        CLASS   SFR26          

        CLASS   SFR27          

        CLASS   SFR28          

        CLASS   SFR29          

        CLASS   SFR30          

        CLASS   SFR31          

        CLASS   CONFIG         
                config                             8007     8007        4         4

        CLASS   IDLOC          

        CLASS   EEDATA         
                idataEEDATA                           0     F000        1         3

        CLASS   BANK31         

        CLASS   BANK30         

        CLASS   BANK29         

        CLASS   BANK28         

        CLASS   BANK27         

        CLASS   BANK26         

        CLASS   HEAP           

        CLASS   STACK          



SEGMENTS        Name                           Load    Length   Top    Selector   Space  Class     Delta

                reset_vec                      000000  000002  000002         0       0  CODE        2
                intentry                       000004  000530  000534         8       0  CODE        2
                cstackBANK0                    000020  00004E  00006E        20       1  BANK0       1
                cstackCOMMON                   000070  00000D  00007D        70       1  COMMON      1
                dataBANK1                      0000A0  00003D  0000DD        A0       1  BANK1       1
                dataBANK2                      000120  000018  000138       120       1  BANK2       1
                stringtext2                    000534  000026  00055A       A68       0  STRCODE     2
                text13                         00055A  0000C0  00061A       AB4       0  CODE        2
                stringtext3                    00061A  000004  00061E       C34       0  STRCODE     2
                idataEEDATA                    00F000  000001  00F001     1E000       3  EEDATA      2


UNUSED ADDRESS RANGES

        Name                Unused          Largest block    Delta
        BANK0            0006E-0006F               2           1
        BANK1            000DD-000EF              13           1
        BANK10           00520-0056F              50           1
        BANK11           005A0-005EF              50           1
        BANK12           00620-0066F              50           1
        BANK13           006A0-006EF              50           1
        BANK14           00720-0076F              50           1
        BANK15           007A0-007EF              50           1
        BANK16           00820-0086F              50           1
        BANK17           008A0-008EF              50           1
        BANK18           00920-0096F              50           1
        BANK19           009A0-009EF              50           1
        BANK2            00138-0016F              38           1
        BANK20           00A20-00A6F              50           1
        BANK21           00AA0-00AEF              50           1
        BANK22           00B20-00B6F              50           1
        BANK23           00BA0-00BEF              50           1
        BANK24           00C20-00C6F              50           1
        BANK25           00CA0-00CBF              20           1
        BANK3            001A0-001EF              50           1
        BANK4            00220-0026F              50           1
        BANK5            002A0-002EF              50           1
        BANK6            00320-0036F              50           1
        BANK7            003A0-003EF              50           1
        BANK8            00420-0046F              50           1
        BANK9            004A0-004EF              50           1
        BIGRAM           02000-027EF             7F0           1
        CODE             00002-00003               2           2
                         0061E-03FFF             800
        COMMON           0007D-0007D               1           1
        CONST            00002-00003               2           2
                         0061E-03FFF             100
        EEDATA           0F001-0F0FF              FF           2
        ENTRY            00002-00003               2           2
                         0061E-03FFF             100
        IDLOC            08000-08003               4           2
        RAM              0006E-0006F               2           1
                         000DD-000EF              13
                         00138-0016F              38
                         001A0-001EF              50
                         00220-0026F              50
                         002A0-002EF              50
                         00320-0036F              50
                         003A0-003EF              50
                         00420-0046F              50
                         004A0-004EF              50
                         00520-0056F              50
                         005A0-005EF              50
                         00620-0066F              50
                         006A0-006EF              50
                         00720-0076F              50
                         007A0-007EF              50
                         00820-0086F              50
                         008A0-008EF              50
                         00920-0096F              50
                         009A0-009EF              50
                         00A20-00A6F              50
                         00AA0-00AEF              50
                         00B20-00B6F              50
                         00BA0-00BEF              50
                         00C20-00C6F              50
                         00CA0-00CBF              20
        SFR0             00000-0001F              20           1
        SFR1             00080-0009F              20           1
        SFR10            00500-0051F              20           1
        SFR11            00580-0059F              20           1
        SFR12            00600-0061F              20           1
        SFR13            00680-0069F              20           1
        SFR14            00700-0071F              20           1
        SFR15            00780-0079F              20           1
        SFR16            00800-0081F              20           1
        SFR17            00880-0089F              20           1
        SFR18            00900-0091F              20           1
        SFR19            00980-0099F              20           1
        SFR2             00100-0011F              20           1
        SFR20            00A00-00A1F              20           1
        SFR21            00A80-00A9F              20           1
        SFR22            00B00-00B1F              20           1
        SFR23            00B80-00B9F              20           1
        SFR24            00C00-00C1F              20           1
        SFR25            00C80-00C9F              20           1
        SFR26            00D00-00D6F              70           1
        SFR27            00D80-00DEF              70           1
        SFR28            00E00-00E6F              70           1
        SFR29            00E80-00EEF              70           1
        SFR3             00180-0019F              20           1
        SFR30            00F00-00F6F              70           1
        SFR31            00F80-00FEF              70           1
        SFR4             00200-0021F              20           1
        SFR5             00280-0029F              20           1
        SFR6             00300-0031F              20           1
        SFR7             00380-0039F              20           1
        SFR8             00400-0041F              20           1
        SFR9             00480-0049F              20           1
        STRCODE          00002-00003               2           2
                         0061E-03FFF            39E2
        STRING           00002-00003               2           2
                         0061E-03FFF             100

                                  Symbol Table

I2C1_CallbackRegister@callbackHandler          cstackCOMMON 00070
I2C1_Write@address                             cstackCOMMON 00071
I2C1_Write@data                                cstackCOMMON 00073
I2C1_Write@dataLength                          cstackCOMMON 00074
I2C1_Write@retStatus                           cstackCOMMON 00076
TMR2_OverflowCallbackRegister@InterruptHandler cstackCOMMON 00070
TMR2_PeriodCountSet@periodVal                  cstackCOMMON 00070
TMR4_OverflowCallbackRegister@InterruptHandler cstackCOMMON 00070
TMR4_PeriodCountSet@periodVal                  cstackCOMMON 00070
TMR6_OverflowCallbackRegister@InterruptHandler cstackCOMMON 00070
TMR6_PeriodCountSet@periodVal                  cstackCOMMON 00070
_ANSELA                                        (abs)        0018C
_ANSELAbits                                    (abs)        0018C
_ANSELB                                        (abs)        0018D
_ANSELBbits                                    (abs)        0018D
_ANSELC                                        (abs)        0018E
_ANSELCbits                                    (abs)        0018E
_CCP1CON                                       (abs)        00293
_CCP1CONbits                                   (abs)        00293
_CCP1PPS                                       (abs)        00E14
_CCP1_Initialize                               text26       005C8
_CCPR1H                                        (abs)        00292
_CCPR1L                                        (abs)        00291
_CCPTMRSbits                                   (abs)        0029F
_CLOCK_Initialize                              text25       005BE
_I2C1_Callback                                 bssCOMMON    0007B
_I2C1_CallbackRegister                         text24       005B3
_I2C1_DefaultCallback                          (abs)        00000
_I2C1_Deinitialize                             (abs)        00000
_I2C1_EVENT_ERROR                              (abs)        00000
_I2C1_EVENT_IDLE                               (abs)        00000
_I2C1_EVENT_NACK                               (abs)        00000
_I2C1_EVENT_RESET                              (abs)        00000
_I2C1_EVENT_RX                                 (abs)        00000
_I2C1_EVENT_SEND_RD_ADDR                       (abs)        00000
_I2C1_EVENT_SEND_WR_ADDR                       (abs)        00000
_I2C1_EVENT_STOP                               (abs)        00000
_I2C1_EVENT_TX                                 (abs)        00000
_I2C1_ErrorGet                                 (abs)        00000
_I2C1_Host                                     stringtext2  00534
_I2C1_Initialize                               text22       0051E
_I2C1_InterruptsEnable                         text23       00601
_I2C1_IsBusy                                   text30       0057C
_I2C1_IsBusy$483                               cstackCOMMON 00070
_I2C1_Read                                     (abs)        00000
_I2C1_StartSend                                text29       00617
_I2C1_Write                                    text27       004A5
_I2C1_WriteRead                                (abs)        00000
_I2C1_WriteStart                               text28       005D1
_INLVLA                                        (abs)        0038C
_INLVLB                                        (abs)        0038D
_INLVLC                                        (abs)        0038E
_IOCAF                                         (abs)        00393
_IOCAN                                         (abs)        00392
_IOCAP                                         (abs)        00391
_IOCAPbits                                     (abs)        00391
_IOCBF                                         (abs)        00396
_IOCBN                                         (abs)        00395
_IOCBP                                         (abs)        00394
_IOCBPbits                                     (abs)        00394
_IOCCF                                         (abs)        00399
_IOCCN                                         (abs)        00398
_IOCCP                                         (abs)        00397
_ISR                                           intentry     00004
_LATA                                          (abs)        0010C
_LATAbits                                      (abs)        0010C
_LATB                                          (abs)        0010D
_LATC                                          (abs)        0010E
_LATCbits                                      (abs)        0010E
_ODCONA                                        (abs)        0028C
_ODCONB                                        (abs)        0028D
_ODCONC                                        (abs)        0028E
_OSCCON1                                       (abs)        00919
_OSCCON3                                       (abs)        0091B
_OSCEN                                         (abs)        0091D
_OSCFRQ                                        (abs)        0091F
_OSCSTAT1                                      (abs)        0091C
_OSCTUNE                                       (abs)        0091E
_PIE0bits                                      (abs)        00090
_PIE1bits                                      (abs)        00091
_PIN_MANAGER_Initialize                        text21       0042B
_PIR0bits                                      (abs)        00010
_PIR1bits                                      (abs)        00011
_PIR2bits                                      (abs)        00012
_PORTAbits                                     (abs)        0000C
_PORTCbits                                     (abs)        0000E
_PR2                                           (abs)        0001E
_PR4                                           (abs)        00416
_PR6                                           (abs)        0041D
_PWM5CON                                       (abs)        00619
_PWM5DCH                                       (abs)        00618
_PWM5DCL                                       (abs)        00617
_PWM5_Initialize                               text20       005A7
_PWM6CON                                       (abs)        0061C
_PWM6DCH                                       (abs)        0061B
_PWM6DCL                                       (abs)        0061A
_PWM6_Initialize                               text19       0059B
_PWMTMRSbits                                   (abs)        0061F
_RB4PPS                                        (abs)        00E9C
_RB6PPS                                        (abs)        00E9E
_RC3PPS                                        (abs)        00EA3
_RC4PPS                                        (abs)        00EA4
_RC5PPS                                        (abs)        00EA5
_SLRCONA                                       (abs)        0030C
_SLRCONB                                       (abs)        0030D
_SLRCONC                                       (abs)        0030E
_SSP1ADD                                       (abs)        00212
_SSP1BUF                                       (abs)        00211
_SSP1CLKPPS                                    (abs)        00E20
_SSP1CON1                                      (abs)        00215
_SSP1CON1bits                                  (abs)        00215
_SSP1CON2                                      (abs)        00216
_SSP1CON2bits                                  (abs)        00216
_SSP1CON3                                      (abs)        00217
_SSP1DATPPS                                    (abs)        00E21
_SSP1STAT                                      (abs)        00214
_SSP1STATbits                                  (abs)        00214
_SYSTEM_Initialize                             text12       004EA
_T2CON                                         (abs)        0001F
_T2CONbits                                     (abs)        0001F
_T4CON                                         (abs)        00417
_T4CONbits                                     (abs)        00417
_T6CON                                         (abs)        0041E
_T6CONbits                                     (abs)        0041E
_TMR2                                          (abs)        0001D
_TMR2_DefaultOverflowCallback                  (abs)        00000
_TMR2_Initialize                               text17       0058C
_TMR2_OverflowCallback                         bssCOMMON    00079
_TMR2_OverflowCallbackRegister                 text18       005F0
_TMR2_PeriodCountSet                           text11       005FD
_TMR2_Start                                    text10       00614
_TMR2_Stop                                     text9        00611
_TMR4                                          (abs)        00415
_TMR4_DefaultOverflowCallback                  (abs)        00000
_TMR4_Initialize                               text15       0056B
_TMR4_OverflowCallback                         bssBANK0     0006C
_TMR4_OverflowCallbackRegister                 text16       005EA
_TMR4_PeriodCountSet                           text8        005F9
_TMR4_Start                                    text7        0060E
_TMR4_Stop                                     text6        0060B
_TMR6                                          (abs)        0041C
_TMR6_DefaultOverflowCallback                  (abs)        00000
_TMR6_Initialize                               text13       0055A
_TMR6_OverflowCallback                         bssBANK0     0006A
_TMR6_OverflowCallbackRegister                 text14       005E4
_TMR6_PeriodCountSet                           text5        005F5
_TMR6_Start                                    text4        00608
_TMR6_Stop                                     text3        00605
_TRISA                                         (abs)        0008C
_TRISAbits                                     (abs)        0008C
_TRISB                                         (abs)        0008D
_TRISBbits                                     (abs)        0008D
_TRISC                                         (abs)        0008E
_TRISCbits                                     (abs)        0008E
_WPUA                                          (abs)        0020C
_WPUB                                          (abs)        0020D
_WPUC                                          (abs)        0020E
__H__absolute__                                __absolute__ 00000
__Habs1                                        abs1         00000
__Hbank0                                       bank0        00000
__Hbank1                                       bank1        00000
__Hbank10                                      bank10       00000
__Hbank11                                      bank11       00000
__Hbank12                                      bank12       00000
__Hbank13                                      bank13       00000
__Hbank14                                      bank14       00000
__Hbank15                                      bank15       00000
__Hbank16                                      bank16       00000
__Hbank17                                      bank17       00000
__Hbank18                                      bank18       00000
__Hbank19                                      bank19       00000
__Hbank2                                       bank2        00000
__Hbank20                                      bank20       00000
__Hbank21                                      bank21       00000
__Hbank22                                      bank22       00000
__Hbank23                                      bank23       00000
__Hbank24                                      bank24       00000
__Hbank25                                      bank25       00000
__Hbank26                                      bank26       00000
__Hbank27                                      bank27       00000
__Hbank28                                      bank28       00000
__Hbank29                                      bank29       00000
__Hbank3                                       bank3        00000
__Hbank30                                      bank30       00000
__Hbank31                                      bank31       00000
__Hbank4                                       bank4        00000
__Hbank5                                       bank5        00000
__Hbank6                                       bank6        00000
__Hbank7                                       bank7        00000
__Hbank8                                       bank8        00000
__Hbank9                                       bank9        00000
__Hbigram                                      bigram       00000
__HbssBANK0                                    bssBANK0     00000
__HbssBANK1                                    bssBANK1     00000
__HbssCOMMON                                   bssCOMMON    00000
__Hcinit                                       cinit        000F4
__Hclrtext                                     clrtext      00000
__Hcode                                        code         00000
__Hcommon                                      common       00000
__Hconfig                                      config       0800B
__HcstackBANK0                                 cstackBANK0  00000
__HcstackCOMMON                                cstackCOMMON 00000
__HdataBANK1                                   dataBANK1    00000
__HdataBANK2                                   dataBANK2    00000
__HdataEEDATA                                  dataEEDATA   00000
__Heeprom_data                                 eeprom_data  00000
__Hend_init                                    end_init     000C8
__Hfunctab                                     functab      00000
__Hheap                                        heap         00000
__HidataBANK1                                  idataBANK1   00000
__HidataBANK2                                  idataBANK2   00000
__HidataEEDATA                                 idataEEDATA  00000
__Hinit                                        init         000C6
__Hinittext                                    inittext     00000
__Hintentry                                    intentry     000C6
__Hmaintext                                    maintext     00000
__Hpowerup                                     powerup      00000
__Hram                                         ram          00000
__Hreset_vec                                   reset_vec    00002
__Hsfr0                                        sfr0         00000
__Hsfr1                                        sfr1         00000
__Hsfr10                                       sfr10        00000
__Hsfr11                                       sfr11        00000
__Hsfr12                                       sfr12        00000
__Hsfr13                                       sfr13        00000
__Hsfr14                                       sfr14        00000
__Hsfr15                                       sfr15        00000
__Hsfr16                                       sfr16        00000
__Hsfr17                                       sfr17        00000
__Hsfr18                                       sfr18        00000
__Hsfr19                                       sfr19        00000
__Hsfr2                                        sfr2         00000
__Hsfr20                                       sfr20        00000
__Hsfr21                                       sfr21        00000
__Hsfr22                                       sfr22        00000
__Hsfr23                                       sfr23        00000
__Hsfr24                                       sfr24        00000
__Hsfr25                                       sfr25        00000
__Hsfr26                                       sfr26        00000
__Hsfr27                                       sfr27        00000
__Hsfr28                                       sfr28        00000
__Hsfr29                                       sfr29        00000
__Hsfr3                                        sfr3         00000
__Hsfr30                                       sfr30        00000
__Hsfr31                                       sfr31        00000
__Hsfr4                                        sfr4         00000
__Hsfr5                                        sfr5         00000
__Hsfr6                                        sfr6         00000
__Hsfr7                                        sfr7         00000
__Hsfr8                                        sfr8         00000
__Hsfr9                                        sfr9         00000
__Hsivt                                        sivt         000C6
__Hspace_0                                     (abs)        0061E
__Hspace_1                                     (abs)        00138
__Hspace_2                                     (abs)        00000
__Hspace_3                                     (abs)        00001
__Hspace_4                                     (abs)        10012
__Hstack                                       stack        00000
__Hstrings                                     strings      00000
__Hstringtext1                                 stringtext1  00000
__Hstringtext2                                 stringtext2  00000
__Hstringtext3                                 stringtext3  00000
__Hstringtext4                                 stringtext4  00000
__Htext                                        text         00000
__L__absolute__                                __absolute__ 00000
__Labs1                                        abs1         00000
__Lbank0                                       bank0        00000
__Lbank1                                       bank1        00000
__Lbank10                                      bank10       00000
__Lbank11                                      bank11       00000
__Lbank12                                      bank12       00000
__Lbank13                                      bank13       00000
__Lbank14                                      bank14       00000
__Lbank15                                      bank15       00000
__Lbank16                                      bank16       00000
__Lbank17                                      bank17       00000
__Lbank18                                      bank18       00000
__Lbank19                                      bank19       00000
__Lbank2                                       bank2        00000
__Lbank20                                      bank20       00000
__Lbank21                                      bank21       00000
__Lbank22                                      bank22       00000
__Lbank23                                      bank23       00000
__Lbank24                                      bank24       00000
__Lbank25                                      bank25       00000
__Lbank26                                      bank26       00000
__Lbank27                                      bank27       00000
__Lbank28                                      bank28       00000
__Lbank29                                      bank29       00000
__Lbank3                                       bank3        00000
__Lbank30                                      bank30       00000
__Lbank31                                      bank31       00000
__Lbank4                                       bank4        00000
__Lbank5                                       bank5        00000
__Lbank6                                       bank6        00000
__Lbank7                                       bank7        00000
__Lbank8                                       bank8        00000
__Lbank9                                       bank9        00000
__Lbigram                                      bigram       00000
__LbssBANK0                                    bssBANK0     00000
__LbssBANK1                                    bssBANK1     00000
__LbssCOMMON                                   bssCOMMON    00000
__Lcinit                                       cinit        000C8
__Lclrtext                                     clrtext      00000
__Lcode                                        code         00000
__Lcommon                                      common       00000
__Lconfig                                      config       00000
__LcstackBANK0                                 cstackBANK0  00000
__LcstackCOMMON                                cstackCOMMON 00000
__LdataBANK1                                   dataBANK1    00000
__LdataBANK2                                   dataBANK2    00000
__LdataEEDATA                                  dataEEDATA   00000
__Leeprom_data                                 eeprom_data  00000
__Lend_init                                    end_init     000C6
__Lfunctab                                     functab      00000
__Lheap                                        heap         00000
__LidataBANK1                                  idataBANK1   00000
__LidataBANK2                                  idataBANK2   00000
__LidataEEDATA                                 idataEEDATA  00000
__Linit                                        init         000C6
__Linittext                                    inittext     00000
__Lintentry                                    intentry     00004
__Lmaintext                                    maintext     00000
__Lpowerup                                     powerup      00000
__Lram                                         ram          00000
__Lreset_vec                                   reset_vec    00000
__Lsfr0                                        sfr0         00000
__Lsfr1                                        sfr1         00000
__Lsfr10                                       sfr10        00000
__Lsfr11                                       sfr11        00000
__Lsfr12                                       sfr12        00000
__Lsfr13                                       sfr13        00000
__Lsfr14                                       sfr14        00000
__Lsfr15                                       sfr15        00000
__Lsfr16                                       sfr16        00000
__Lsfr17                                       sfr17        00000
__Lsfr18                                       sfr18        00000
__Lsfr19                                       sfr19        00000
__Lsfr2                                        sfr2         00000
__Lsfr20                                       sfr20        00000
__Lsfr21                                       sfr21        00000
__Lsfr22                                       sfr22        00000
__Lsfr23                                       sfr23        00000
__Lsfr24                                       sfr24        00000
__Lsfr25                                       sfr25        00000
__Lsfr26                                       sfr26        00000
__Lsfr27                                       sfr27        00000
__Lsfr28                                       sfr28        00000
__Lsfr29                                       sfr29        00000
__Lsfr3                                        sfr3         00000
__Lsfr30                                       sfr30        00000
__Lsfr31                                       sfr31        00000
__Lsfr4                                        sfr4         00000
__Lsfr5                                        sfr5         00000
__Lsfr6                                        sfr6         00000
__Lsfr7                                        sfr7         00000
__Lsfr8                                        sfr8         00000
__Lsfr9                                        sfr9         00000
__Lsivt                                        sivt         000C6
__Lspace_0                                     (abs)        00000
__Lspace_1                                     (abs)        00000
__Lspace_2                                     (abs)        00000
__Lspace_3                                     (abs)        00000
__Lspace_4                                     (abs)        00000
__Lstack                                       stack        00000
__Lstrings                                     strings      00000
__Lstringtext1                                 stringtext1  00000
__Lstringtext2                                 stringtext2  00000
__Lstringtext3                                 stringtext3  00000
__Lstringtext4                                 stringtext4  00000
__Ltext                                        text         00000
__S0                                           (abs)        0061E
__S1                                           (abs)        00138
__S3                                           (abs)        0F001
___heap_hi                                     (abs)        00000
___heap_lo                                     (abs)        00000
___int_sp                                      stack        00000
___int_stack_hi                                stack        00000
___int_stack_lo                                stack        00000
___latbits                                     (abs)        00003
___sp                                          stack        00000
___stack_hi                                    stack        00000
___stack_lo                                    stack        00000
___stackhi                                     (abs)        00000
___stacklo                                     (abs)        00000
__end_of_CCP1_Initialize                       text26       005D1
__end_of_CLOCK_Initialize                      text25       005C8
__end_of_I2C1_CallbackRegister                 text24       005BE
__end_of_I2C1_Host                             stringtext2  00548
__end_of_I2C1_Initialize                       text22       00534
__end_of_I2C1_InterruptsEnable                 text23       00605
__end_of_I2C1_IsBusy                           text30       0058C
__end_of_I2C1_StartSend                        text29       0061A
__end_of_I2C1_Write                            text27       004C8
__end_of_I2C1_WriteStart                       text28       005D8
__end_of_ISR                                   intentry     000C6
__end_of_PIN_MANAGER_Initialize                text21       00475
__end_of_PWM5_Initialize                       text20       005B3
__end_of_PWM6_Initialize                       text19       005A7
__end_of_SYSTEM_Initialize                     text12       00506
__end_of_TMR2_Initialize                       text17       0059B
__end_of_TMR2_OverflowCallbackRegister         text18       005F5
__end_of_TMR2_PeriodCountSet                   text11       00601
__end_of_TMR2_Start                            text10       00617
__end_of_TMR2_Stop                             text9        00614
__end_of_TMR4_Initialize                       text15       0057C
__end_of_TMR4_OverflowCallbackRegister         text16       005F0
__end_of_TMR4_PeriodCountSet                   text8        005FD
__end_of_TMR4_Start                            text7        00611
__end_of_TMR4_Stop                             text6        0060E
__end_of_TMR6_Initialize                       text13       0056B
__end_of_TMR6_OverflowCallbackRegister         text14       005EA
__end_of_TMR6_PeriodCountSet                   text5        005F9
__end_of_TMR6_Start                            text4        0060B
__end_of_TMR6_Stop                             text3        00608
__end_of__initialization                       cinit        000F0
__end_of_i2c1_eventTable                       stringtext1  0055A
__end_of_main                                  maintext     00381
__end_of_playHH                                text2        004EA
__end_of_playLDrum                             text1        0042B
__end_ofmain@drumdelay                         stringtext3  0061C
__end_ofmain@tempo                             stringtext4  0061E
__initialization                               cinit        000C8
__pbssBANK0                                    bssBANK0     0006A
__pbssBANK1                                    bssBANK1     000D0
__pbssCOMMON                                   bssCOMMON    00079
__pcstackBANK0                                 cstackBANK0  00020
__pcstackCOMMON                                cstackCOMMON 00070
__pdataBANK1                                   dataBANK1    000A0
__pdataBANK2                                   dataBANK2    00120
__pdataEEDATA                                  dataEEDATA   00000
__pidataBANK1                                  idataBANK1   00475
__pidataBANK2                                  idataBANK2   00506
__pidataEEDATA                                 idataEEDATA  00000
__pintentry                                    intentry     00004
__pmaintext                                    maintext     000F4
__pstringtext1                                 stringtext1  00548
__pstringtext2                                 stringtext2  00534
__pstringtext3                                 stringtext3  0061A
__pstringtext4                                 stringtext4  0061C
__ptext1                                       text1        00381
__ptext10                                      text10       00614
__ptext11                                      text11       005FD
__ptext12                                      text12       004EA
__ptext13                                      text13       0055A
__ptext14                                      text14       005E4
__ptext15                                      text15       0056B
__ptext16                                      text16       005EA
__ptext17                                      text17       0058C
__ptext18                                      text18       005F0
__ptext19                                      text19       0059B
__ptext2                                       text2        004C8
__ptext20                                      text20       005A7
__ptext21                                      text21       0042B
__ptext22                                      text22       0051E
__ptext23                                      text23       00601
__ptext24                                      text24       005B3
__ptext25                                      text25       005BE
__ptext26                                      text26       005C8
__ptext27                                      text27       004A5
__ptext28                                      text28       005D1
__ptext29                                      text29       00617
__ptext3                                       text3        00605
__ptext30                                      text30       0057C
__ptext4                                       text4        00608
__ptext5                                       text5        005F5
__ptext6                                       text6        0060B
__ptext7                                       text7        0060E
__ptext8                                       text8        005F9
__ptext9                                       text9        00611
_alarm                                         idataEEDATA  00000
_i2c1Status                                    bssBANK1     000D0
_i2c1_eventTable                               stringtext1  00548
_main                                          maintext     000F4
_playHH                                        text2        004C8
_playLDrum                                     text1        00381
btemp                                          (abs)        0007E
clear_ram0                                     clrtext      005DE
end_of_initialization                          cinit        000F0
init_ram                                       inittext     005D8
int$flags                                      (abs)        0007E
intlevel0                                      functab      00000
intlevel1                                      functab      00000
intlevel2                                      functab      00000
intlevel3                                      functab      00000
intlevel4                                      functab      00000
intlevel5                                      functab      00000
main@F7151                                     dataBANK1    000B8
main@F7153                                     dataBANK1    000A0
main@F7155                                     dataBANK2    00120
main@dataWrite                                 cstackBANK0  00050
main@o1                                        cstackBANK0  00052
main@o2                                        cstackBANK0  00038
main@o3                                        cstackBANK0  00020
playHH@i                                       cstackCOMMON 00073
playLDrum@i                                    cstackCOMMON 00073
reset_vec                                      reset_vec    00000
start                                          init         000C6
start_initialization                           cinit        000C8
wtemp0                                         (abs)        0007E


MODULE INFORMATION

Module		Function		Class		Link	Load	Size
mcc_generated_files/i2c_host/src/mssp1.c
		_I2C1_CallbackRegister		CODE           	05B3	0000	11
		_I2C1_InterruptsEnable		CODE           	0601	0000	4
		_I2C1_WriteStart		CODE           	05D1	0000	7
		_I2C1_IsBusy   		CODE           	057C	0000	16
		_I2C1_Initialize		CODE           	051E	0000	22
		_I2C1_Write    		CODE           	04A5	0000	35
		_I2C1_StartSend		CODE           	0617	0000	3

mcc_generated_files/i2c_host/src/mssp1.c estimated size: 98

mcc_generated_files/pwm/src/pwm5.c
		_PWM5_Initialize		CODE           	05A7	0000	12

mcc_generated_files/pwm/src/pwm5.c estimated size: 12

mcc_generated_files/system/src/pins.c
		_PIN_MANAGER_Initialize		CODE           	042B	0000	74

mcc_generated_files/system/src/pins.c estimated size: 74

shared
		main@tempo     		STRCODE        	0000	0000	0
		__initialization		CODE           	00C8	0000	40
		_I2C1_Host     		STRCODE        	0534	0000	20
		_i2c1_eventTable		STRCODE        	0548	0000	18
		main@drumdelay 		STRCODE        	0000	0000	0

shared estimated size: 78

mcc_generated_files/timer/src/tmr6.c
		_TMR6_PeriodCountSet		CODE           	05F5	0000	4
		_TMR6_Initialize		CODE           	055A	0000	17
		_TMR6_Stop     		CODE           	0605	0000	3
		_TMR6_Start    		CODE           	0608	0000	3
		_TMR6_OverflowCallbackRegister		CODE           	05E4	0000	6

mcc_generated_files/timer/src/tmr6.c estimated size: 33

mcc_generated_files/timer/src/tmr4.c
		_TMR4_PeriodCountSet		CODE           	05F9	0000	4
		_TMR4_Initialize		CODE           	056B	0000	17
		_TMR4_Stop     		CODE           	060B	0000	3
		_TMR4_Start    		CODE           	060E	0000	3
		_TMR4_OverflowCallbackRegister		CODE           	05EA	0000	6

mcc_generated_files/timer/src/tmr4.c estimated size: 33

mcc_generated_files/timer/src/tmr2.c
		_TMR2_PeriodCountSet		CODE           	05FD	0000	4
		_TMR2_Initialize		CODE           	058C	0000	15
		_TMR2_Stop     		CODE           	0611	0000	3
		_TMR2_Start    		CODE           	0614	0000	3
		_TMR2_OverflowCallbackRegister		CODE           	05F0	0000	5

mcc_generated_files/timer/src/tmr2.c estimated size: 30

mcc_generated_files/system/src/clock.c
		_CLOCK_Initialize		CODE           	05BE	0000	10

mcc_generated_files/system/src/clock.c estimated size: 10

mcc_generated_files/pwm/src/ccp1.c
		_CCP1_Initialize		CODE           	05C8	0000	9

mcc_generated_files/pwm/src/ccp1.c estimated size: 9

main.c
		_playLDrum     		CODE           	0381	0000	170
		_ISR           		CODE           	0004	0000	194
		_main          		CODE           	00F4	0000	653
		_playHH        		CODE           	04C8	0000	34

main.c estimated size: 1051

mcc_generated_files/system/src/system.c
		_SYSTEM_Initialize		CODE           	04EA	0000	28

mcc_generated_files/system/src/system.c estimated size: 28

mcc_generated_files/pwm/src/pwm6.c
		_PWM6_Initialize		CODE           	059B	0000	12

mcc_generated_files/pwm/src/pwm6.c estimated size: 12

